Component: ARM Compiler 5.06 update 7 (build 960) Tool: armlink [4d3601]

==============================================================================

Section Cross References

    main.o(i.LED_Thread1) refers to gd32f4xx_gpio.o(i.gpio_bit_reset) for gpio_bit_reset
    main.o(i.LED_Thread1) refers to tasks.o(i.vTaskDelay) for vTaskDelay
    main.o(i.LED_Thread1) refers to gd32f4xx_gpio.o(i.gpio_bit_set) for gpio_bit_set
    main.o(i.LED_Thread2) refers to gd32f4xx_gpio.o(i.gpio_bit_set) for gpio_bit_set
    main.o(i.LED_Thread2) refers to tasks.o(i.vTaskDelay) for vTaskDelay
    main.o(i.dma_config) refers to gd32f4xx_dma.o(i.dma_deinit) for dma_deinit
    main.o(i.dma_config) refers to gd32f4xx_dma.o(i.dma_single_data_mode_init) for dma_single_data_mode_init
    main.o(i.dma_config) refers to gd32f4xx_dma.o(i.dma_channel_subperipheral_select) for dma_channel_subperipheral_select
    main.o(i.dma_config) refers to gd32f4xx_dma.o(i.dma_channel_enable) for dma_channel_enable
    main.o(i.dma_config) refers to main.o(.data) for adc_value
    main.o(i.fputc) refers to gd32f4xx_usart.o(i.usart_data_transmit) for usart_data_transmit
    main.o(i.fputc) refers to gd32f4xx_usart.o(i.usart_flag_get) for usart_flag_get
    main.o(i.gd_adc_init) refers to gd32f4xx_adc.o(i.adc_channel_length_config) for adc_channel_length_config
    main.o(i.gd_adc_init) refers to gd32f4xx_adc.o(i.adc_routine_channel_config) for adc_routine_channel_config
    main.o(i.gd_adc_init) refers to gd32f4xx_adc.o(i.adc_external_trigger_config) for adc_external_trigger_config
    main.o(i.gd_adc_init) refers to gd32f4xx_adc.o(i.adc_data_alignment_config) for adc_data_alignment_config
    main.o(i.gd_adc_init) refers to gd32f4xx_adc.o(i.adc_sync_mode_config) for adc_sync_mode_config
    main.o(i.gd_adc_init) refers to gd32f4xx_adc.o(i.adc_sync_dma_config) for adc_sync_dma_config
    main.o(i.gd_adc_init) refers to gd32f4xx_adc.o(i.adc_sync_dma_request_after_last_enable) for adc_sync_dma_request_after_last_enable
    main.o(i.gd_adc_init) refers to gd32f4xx_adc.o(i.adc_special_function_config) for adc_special_function_config
    main.o(i.gd_adc_init) refers to gd32f4xx_adc.o(i.adc_enable) for adc_enable
    main.o(i.gd_adc_init) refers to gd32f4xx_adc.o(i.adc_calibration_enable) for adc_calibration_enable
    main.o(i.gd_usart_init) refers to gd32f4xx_rcu.o(i.rcu_periph_clock_enable) for rcu_periph_clock_enable
    main.o(i.gd_usart_init) refers to gd32f4xx_gpio.o(i.gpio_af_set) for gpio_af_set
    main.o(i.gd_usart_init) refers to gd32f4xx_gpio.o(i.gpio_mode_set) for gpio_mode_set
    main.o(i.gd_usart_init) refers to gd32f4xx_gpio.o(i.gpio_output_options_set) for gpio_output_options_set
    main.o(i.gd_usart_init) refers to gd32f4xx_usart.o(i.usart_deinit) for usart_deinit
    main.o(i.gd_usart_init) refers to gd32f4xx_usart.o(i.usart_baudrate_set) for usart_baudrate_set
    main.o(i.gd_usart_init) refers to gd32f4xx_usart.o(i.usart_word_length_set) for usart_word_length_set
    main.o(i.gd_usart_init) refers to gd32f4xx_usart.o(i.usart_parity_config) for usart_parity_config
    main.o(i.gd_usart_init) refers to gd32f4xx_usart.o(i.usart_stop_bit_set) for usart_stop_bit_set
    main.o(i.gd_usart_init) refers to gd32f4xx_usart.o(i.usart_hardware_flow_rts_config) for usart_hardware_flow_rts_config
    main.o(i.gd_usart_init) refers to gd32f4xx_usart.o(i.usart_hardware_flow_cts_config) for usart_hardware_flow_cts_config
    main.o(i.gd_usart_init) refers to gd32f4xx_usart.o(i.usart_receive_config) for usart_receive_config
    main.o(i.gd_usart_init) refers to gd32f4xx_usart.o(i.usart_transmit_config) for usart_transmit_config
    main.o(i.gd_usart_init) refers to gd32f4xx_usart.o(i.usart_enable) for usart_enable
    main.o(i.lwip_netif_status_callback) refers to hello_gigadevice.o(i.hello_gigadevice_init) for hello_gigadevice_init
    main.o(i.lwip_netif_status_callback) refers to tcp_client.o(i.tcp_client_init) for tcp_client_init
    main.o(i.lwip_netif_status_callback) refers to udp_echo.o(i.udp_echo_init) for udp_echo_init
    main.o(i.main) refers to systick.o(i.systick_config) for systick_config
    main.o(i.main) refers to gd32f4xx_rcu.o(i.rcu_periph_clock_enable) for rcu_periph_clock_enable
    main.o(i.main) refers to gd32f4xx_gpio.o(i.gpio_mode_set) for gpio_mode_set
    main.o(i.main) refers to gd32f4xx_gpio.o(i.gpio_output_options_set) for gpio_output_options_set
    main.o(i.main) refers to main.o(i.gd_usart_init) for gd_usart_init
    main.o(i.main) refers to printf8.o(i.__0printf$8) for __2printf
    main.o(i.main) refers to main.o(i.rcu_config) for rcu_config
    main.o(i.main) refers to main.o(i.timer_config) for timer_config
    main.o(i.main) refers to main.o(i.dma_config) for dma_config
    main.o(i.main) refers to main.o(i.gd_adc_init) for gd_adc_init
    main.o(i.main) refers to tasks.o(i.xTaskCreate) for xTaskCreate
    main.o(i.main) refers to tasks.o(i.vTaskStartScheduler) for vTaskStartScheduler
[...]
    ..\Firmware\GD32F4xx_standard_peripheral\Source\gd32f4xx_can.c 0x00000000   Number         0  gd32f4xx_can.o ABSOLUTE
    ..\Firmware\GD32F4xx_standard_peripheral\Source\gd32f4xx_crc.c 0x00000000   Number         0  gd32f4xx_crc.o ABSOLUTE
    ..\Firmware\GD32F4xx_standard_peripheral\Source\gd32f4xx_ctc.c 0x00000000   Number         0  gd32f4xx_ctc.o ABSOLUTE
    ..\Firmware\GD32F4xx_standard_peripheral\Source\gd32f4xx_dac.c 0x00000000   Number         0  gd32f4xx_dac.o ABSOLUTE
    ..\Firmware\GD32F4xx_standard_peripheral\Source\gd32f4xx_dbg.c 0x00000000   Number         0  gd32f4xx_dbg.o ABSOLUTE
    ..\Firmware\GD32F4xx_standard_peripheral\Source\gd32f4xx_dci.c 0x00000000   Number         0  gd32f4xx_dci.o ABSOLUTE
    ..\Firmware\GD32F4xx_standard_peripheral\Source\gd32f4xx_dma.c 0x00000000   Number         0  gd32f4xx_dma.o ABSOLUTE
    ..\Firmware\GD32F4xx_standard_peripheral\Source\gd32f4xx_enet.c 0x00000000   Number         0  gd32f4xx_enet.o ABSOLUTE
    ..\Firmware\GD32F4xx_standard_peripheral\Source\gd32f4xx_exmc.c 0x00000000   Number         0  gd32f4xx_exmc.o ABSOLUTE
    ..\Firmware\GD32F4xx_standard_peripheral\Source\gd32f4xx_exti.c 0x00000000   Number         0  gd32f4xx_exti.o ABSOLUTE
    ..\Firmware\GD32F4xx_standard_peripheral\Source\gd32f4xx_fmc.c 0x00000000   Number         0  gd32f4xx_fmc.o ABSOLUTE
    ..\Firmware\GD32F4xx_standard_peripheral\Source\gd32f4xx_fwdgt.c 0x00000000   Number         0  gd32f4xx_fwdgt.o ABSOLUTE
    ..\Firmware\GD32F4xx_standard_peripheral\Source\gd32f4xx_gpio.c 0x00000000   Number         0  gd32f4xx_gpio.o ABSOLUTE
    ..\Firmware\GD32F4xx_standard_peripheral\Source\gd32f4xx_i2c.c 0x00000000   Number         0  gd32f4xx_i2c.o ABSOLUTE
    ..\Firmware\GD32F4xx_standard_peripheral\Source\gd32f4xx_ipa.c 0x00000000   Number         0  gd32f4xx_ipa.o ABSOLUTE
    ..\Firmware\GD32F4xx_standard_peripheral\Source\gd32f4xx_iref.c 0x00000000   Number         0  gd32f4xx_iref.o ABSOLUTE
    ..\Firmware\GD32F4xx_standard_peripheral\Source\gd32f4xx_misc.c 0x00000000   Number         0  gd32f4xx_misc.o ABSOLUTE
    ..\Firmware\GD32F4xx_standard_peripheral\Source\gd32f4xx_pmu.c 0x00000000   Number         0  gd32f4xx_pmu.o ABSOLUTE
    ..\Firmware\GD32F4xx_standard_peripheral\Source\gd32f4xx_rcu.c 0x00000000   Number         0  gd32f4xx_rcu.o ABSOLUTE
    ..\Firmware\GD32F4xx_standard_peripheral\Source\gd32f4xx_rtc.c 0x00000000   Number         0  gd32f4xx_rtc.o ABSOLUTE
    ..\Firmware\GD32F4xx_standard_peripheral\Source\gd32f4xx_sdio.c 0x00000000   Number         0  gd32f4xx_sdio.o ABSOLUTE
    ..\Firmware\GD32F4xx_standard_peripheral\Source\gd32f4xx_spi.c 0x00000000   Number         0  gd32f4xx_spi.o ABSOLUTE
    ..\Firmware\GD32F4xx_standard_peripheral\Source\gd32f4xx_syscfg.c 0x00000000   Number         0  gd32f4xx_syscfg.o ABSOLUTE
    ..\Firmware\GD32F4xx_standard_peripheral\Source\gd32f4xx_timer.c 0x00000000   Number         0  gd32f4xx_timer.o ABSOLUTE
    ..\Firmware\GD32F4xx_standard_peripheral\Source\gd32f4xx_tli.c 0x00000000   Number         0  gd32f4xx_tli.o ABSOLUTE
    ..\Firmware\GD32F4xx_standard_peripheral\Source\gd32f4xx_trng.c 0x00000000   Number         0  gd32f4xx_trng.o ABSOLUTE
    ..\Firmware\GD32F4xx_standard_peripheral\Source\gd32f4xx_usart.c 0x00000000   Number         0  gd32f4xx_usart.o ABSOLUTE
    ..\Firmware\GD32F4xx_standard_peripheral\Source\gd32f4xx_wwdgt.c 0x00000000   Number         0  gd32f4xx_wwdgt.o ABSOLUTE
    ..\Hardware\DP83640\src\epl_1588.c       0x00000000   Number         0  epl_1588.o ABSOLUTE
    ..\Hardware\DP83640\src\epl_core.c       0x00000000   Number         0  epl_core.o ABSOLUTE
    ..\Hardware\DP83640\src\epl_oai.c        0x00000000   Number         0  epl_oai.o ABSOLUTE
    ..\Thirdparty\FreeRtos\croutine.c        0x00000000   Number         0  croutine.o ABSOLUTE
    ..\Thirdparty\FreeRtos\event_groups.c    0x00000000   Number         0  event_groups.o ABSOLUTE
    ..\Thirdparty\FreeRtos\list.c            0x00000000   Number         0  list.o ABSOLUTE
    ..\Thirdparty\FreeRtos\portable\MemMang\heap_4.c 0x00000000   Number         0  heap_4.o ABSOLUTE
    ..\Thirdparty\FreeRtos\portable\RVDS\ARM_CM4F\port.c 0x00000000   Number         0  port.o ABSOLUTE
    ..\Thirdparty\FreeRtos\queue.c           0x00000000   Number         0  queue.o ABSOLUTE
    ..\Thirdparty\FreeRtos\stream_buffer.c   0x00000000   Number         0  stream_buffer.o ABSOLUTE
    ..\Thirdparty\FreeRtos\tasks.c           0x00000000   Number         0  tasks.o ABSOLUTE
    ..\Thirdparty\FreeRtos\timers.c          0x00000000   Number         0  timers.o ABSOLUTE
    ..\Thirdparty\Lwip\port\GD32F4xx\FreeRTOS\ethernetif.c 0x00000000   Number         0  ethernetif.o ABSOLUTE
    ..\Thirdparty\Lwip\port\GD32F4xx\FreeRTOS\sys_arch.c 0x00000000   Number         0  sys_arch.o ABSOLUTE
    ..\Thirdparty\Lwip\src\api\api_lib.c     0x00000000   Number         0  api_lib.o ABSOLUTE
    ..\Thirdparty\Lwip\src\api\api_msg.c     0x00000000   Number         0  api_msg.o ABSOLUTE
    ..\Thirdparty\Lwip\src\api\err.c         0x00000000   Number         0  err.o ABSOLUTE
    ..\Thirdparty\Lwip\src\api\if_api.c      0x00000000   Number         0  if_api.o ABSOLUTE
    ..\Thirdparty\Lwip\src\api\netbuf.c      0x00000000   Number         0  netbuf.o ABSOLUTE
    ..\Thirdparty\Lwip\src\api\netdb.c       0x00000000   Number         0  netdb.o ABSOLUTE
    ..\Thirdparty\Lwip\src\api\netifapi.c    0x00000000   Number         0  netifapi.o ABSOLUTE
    ..\Thirdparty\Lwip\src\api\sockets.c     0x00000000   Number         0  sockets.o ABSOLUTE
    ..\Thirdparty\Lwip\src\api\tcpip.c       0x00000000   Number         0  tcpip.o ABSOLUTE
    ..\Thirdparty\Lwip\src\core\altcp.c      0x00000000   Number         0  altcp.o ABSOLUTE
    ..\Thirdparty\Lwip\src\core\altcp_alloc.c 0x00000000   Number         0  altcp_alloc.o ABSOLUTE
    ..\Thirdparty\Lwip\src\core\altcp_tcp.c  0x00000000   Number         0  altcp_tcp.o ABSOLUTE
    ..\Thirdparty\Lwip\src\core\def.c        0x00000000   Number         0  def.o ABSOLUTE
    ..\Thirdparty\Lwip\src\core\dns.c        0x00000000   Number         0  dns.o ABSOLUTE
    ..\Thirdparty\Lwip\src\core\inet_chksum.c 0x00000000   Number         0  inet_chksum.o ABSOLUTE
    ..\Thirdparty\Lwip\src\core\init.c       0x00000000   Number         0  init.o ABSOLUTE
    ..\Thirdparty\Lwip\src\core\ip.c         0x00000000   Number         0  ip.o ABSOLUTE
    ..\Thirdparty\Lwip\src\core\ipv4\autoip.c 0x00000000   Number         0  autoip.o ABSOLUTE
    ..\Thirdparty\Lwip\src\core\ipv4\dhcp.c  0x00000000   Number         0  dhcp.o ABSOLUTE
    ..\Thirdparty\Lwip\src\core\ipv4\etharp.c 0x00000000   Number         0  etharp.o ABSOLUTE
    ..\Thirdparty\Lwip\src\core\ipv4\icmp.c  0x00000000   Number         0  icmp.o ABSOLUTE
    ..\Thirdparty\Lwip\src\core\ipv4\igmp.c  0x00000000   Number         0  igmp.o ABSOLUTE
    ..\Thirdparty\Lwip\src\core\ipv4\ip4.c   0x00000000   Number         0  ip4.o ABSOLUTE
    ..\Thirdparty\Lwip\src\core\ipv4\ip4_addr.c 0x00000000   Number         0  ip4_addr.o ABSOLUTE
    ..\Thirdparty\Lwip\src\core\ipv4\ip4_frag.c 0x00000000   Number         0  ip4_frag.o ABSOLUTE
    ..\Thirdparty\Lwip\src\core\mem.c        0x00000000   Number         0  mem.o ABSOLUTE
    ..\Thirdparty\Lwip\src\core\memp.c       0x00000000   Number         0  memp.o ABSOLUTE
    ..\Thirdparty\Lwip\src\core\netif.c      0x00000000   Number         0  netif.o ABSOLUTE
    ..\Thirdparty\Lwip\src\core\pbuf.c       0x00000000   Number         0  pbuf.o ABSOLUTE
    ..\Thirdparty\Lwip\src\core\raw.c        0x00000000   Number         0  raw.o ABSOLUTE
    ..\Thirdparty\Lwip\src\core\stats.c      0x00000000   Number         0  stats.o ABSOLUTE
    ..\Thirdparty\Lwip\src\core\sys.c        0x00000000   Number         0  sys.o ABSOLUTE
    ..\Thirdparty\Lwip\src\core\tcp.c        0x00000000   Number         0  tcp.o ABSOLUTE
    ..\Thirdparty\Lwip\src\core\tcp_in.c     0x00000000   Number         0  tcp_in.o ABSOLUTE
    ..\Thirdparty\Lwip\src\core\tcp_out.c    0x00000000   Number         0  tcp_out.o ABSOLUTE
    ..\Thirdparty\Lwip\src\core\timeouts.c   0x00000000   Number         0  timeouts.o ABSOLUTE
    ..\Thirdparty\Lwip\src\core\udp.c        0x00000000   Number         0  udp.o ABSOLUTE
    ..\Thirdparty\Lwip\src\netif\ethernet.c  0x00000000   Number         0  ethernet.o ABSOLUTE
    ..\User\gd32f4xx_enet_eval.c             0x00000000   Number         0  gd32f4xx_enet_eval.o ABSOLUTE
    ..\User\gd32f4xx_it.c                    0x00000000   Number         0  gd32f4xx_it.o ABSOLUTE
    ..\User\main.c                           0x00000000   Number         0  main.o ABSOLUTE
    ..\User\systick.c                        0x00000000   Number         0  systick.o ABSOLUTE
    ..\\App\\hello_gigadevice.c              0x00000000   Number         0  hello_gigadevice.o ABSOLUTE
    ..\\App\\netconf.c                       0x00000000   Number         0  netconf.o ABSOLUTE
    ..\\App\\tcp_client.c                    0x00000000   Number         0  tcp_client.o ABSOLUTE
    ..\\App\\udp_echo.c                      0x00000000   Number         0  udp_echo.o ABSOLUTE
    ..\\Firmware\\CMSIS\\GD\\GD32F4xx\\Source\\system_gd32f4xx.c 0x00000000   Number         0  system_gd32f4xx.o ABSOLUTE
    ..\\Firmware\\GD32F4xx_standard_peripheral\\Source\\gd32f4xx_adc.c 0x00000000   Number         0  gd32f4xx_adc.o ABSOLUTE
    ..\\Firmware\\GD32F4xx_standard_peripheral\\Source\\gd32f4xx_can.c 0x00000000   Number         0  gd32f4xx_can.o ABSOLUTE
    ..\\Firmware\\GD32F4xx_standard_peripheral\\Source\\gd32f4xx_crc.c 0x00000000   Number         0  gd32f4xx_crc.o ABSOLUTE
    ..\\Firmware\\GD32F4xx_standard_peripheral\\Source\\gd32f4xx_ctc.c 0x00000000   Number         0  gd32f4xx_ctc.o ABSOLUTE
    ..\\Firmware\\GD32F4xx_standard_peripheral\\Source\\gd32f4xx_dac.c 0x00000000   Number         0  gd32f4xx_dac.o ABSOLUTE
    ..\\Firmware\\GD32F4xx_standard_peripheral\\Source\\gd32f4xx_dbg.c 0x00000000   Number         0  gd32f4xx_dbg.o ABSOLUTE
    ..\\Firmware\\GD32F4xx_standard_peripheral\\Source\\gd32f4xx_dci.c 0x00000000   Number         0  gd32f4xx_dci.o ABSOLUTE
    ..\\Firmware\\GD32F4xx_standard_peripheral\\Source\\gd32f4xx_dma.c 0x00000000   Number         0  gd32f4xx_dma.o ABSOLUTE
    ..\\Firmware\\GD32F4xx_standard_peripheral\\Source\\gd32f4xx_enet.c 0x00000000   Number         0  gd32f4xx_enet.o ABSOLUTE
    ..\\Firmware\\GD32F4xx_standard_peripheral\\Source\\gd32f4xx_exmc.c 0x00000000   Number         0  gd32f4xx_exmc.o ABSOLUTE
    ..\\Firmware\\GD32F4xx_standard_peripheral\\Source\\gd32f4xx_exti.c 0x00000000   Number         0  gd32f4xx_exti.o ABSOLUTE
    ..\\Firmware\\GD32F4xx_standard_peripheral\\Source\\gd32f4xx_fmc.c 0x00000000   Number         0  gd32f4xx_fmc.o ABSOLUTE
    ..\\Firmware\\GD32F4xx_standard_peripheral\\Source\\gd32f4xx_fwdgt.c 0x00000000   Number         0  gd32f4xx_fwdgt.o ABSOLUTE
    ..\\Firmware\\GD32F4xx_standard_peripheral\\Source\\gd32f4xx_gpio.c 0x00000000   Number         0  gd32f4xx_gpio.o ABSOLUTE
    ..\\Firmware\\GD32F4xx_standard_peripheral\\Source\\gd32f4xx_i2c.c 0x00000000   Number         0  gd32f4xx_i2c.o ABSOLUTE
    ..\\Firmware\\GD32F4xx_standard_peripheral\\Source\\gd32f4xx_ipa.c 0x00000000   Number         0  gd32f4xx_ipa.o ABSOLUTE
    ..\\Firmware\\GD32F4xx_standard_peripheral\\Source\\gd32f4xx_iref.c 0x00000000   Number         0  gd32f4xx_iref.o ABSOLUTE
    ..\\Firmware\\GD32F4xx_standard_peripheral\\Source\\gd32f4xx_misc.c 0x00000000   Number         0  gd32f4xx_misc.o ABSOLUTE
    ..\\Firmware\\GD32F4xx_standard_peripheral\\Source\\gd32f4xx_pmu.c 0x00000000   Number         0  gd32f4xx_pmu.o ABSOLUTE
    ..\\Firmware\\GD32F4xx_standard_peripheral\\Source\\gd32f4xx_rcu.c 0x00000000   Number         0  gd32f4xx_rcu.o ABSOLUTE
    ..\\Firmware\\GD32F4xx_standard_peripheral\\Source\\gd32f4xx_rtc.c 0x00000000   Number         0  gd32f4xx_rtc.o ABSOLUTE
    ..\\Firmware\\GD32F4xx_standard_peripheral\\Source\\gd32f4xx_sdio.c 0x00000000   Number         0  gd32f4xx_sdio.o ABSOLUTE
    ..\\Firmware\\GD32F4xx_standard_peripheral\\Source\\gd32f4xx_spi.c 0x00000000   Number         0  gd32f4xx_spi.o ABSOLUTE
    ..\\Firmware\\GD32F4xx_standard_peripheral\\Source\\gd32f4xx_syscfg.c 0x00000000   Number         0  gd32f4xx_syscfg.o ABSOLUTE
    ..\\Firmware\\GD32F4xx_standard_peripheral\\Source\\gd32f4xx_timer.c 0x00000000   Number         0  gd32f4xx_timer.o ABSOLUTE
    ..\\Firmware\\GD32F4xx_standard_peripheral\\Source\\gd32f4xx_tli.c 0x00000000   Number         0  gd32f4xx_tli.o ABSOLUTE
    ..\\Firmware\\GD32F4xx_standard_peripheral\\Source\\gd32f4xx_trng.c 0x00000000   Number         0  gd32f4xx_trng.o ABSOLUTE
    ..\\Firmware\\GD32F4xx_standard_peripheral\\Source\\gd32f4xx_usart.c 0x00000000   Number         0  gd32f4xx_usart.o ABSOLUTE
    ..\\Firmware\\GD32F4xx_standard_peripheral\\Source\\gd32f4xx_wwdgt.c 0x00000000   Number         0  gd32f4xx_wwdgt.o ABSOLUTE
    ..\\Hardware\\DP83640\\src\\epl_1588.c   0x00000000   Number         0  epl_1588.o ABSOLUTE
    ..\\Hardware\\DP83640\\src\\epl_core.c   0x00000000   Number         0  epl_core.o ABSOLUTE
    ..\\Hardware\\DP83640\\src\\epl_oai.c    0x00000000   Number         0  epl_oai.o ABSOLUTE
    ..\\Thirdparty\\FreeRtos\\portable\\RVDS\\ARM_CM4F\\port.c 0x00000000   Number         0  port.o ABSOLUTE
    ..\\Thirdparty\\Lwip\\port\\GD32F4xx\\FreeRTOS\\ethernetif.c 0x00000000   Number         0  ethernetif.o ABSOLUTE
    ..\\User\\gd32f4xx_enet_eval.c           0x00000000   Number         0  gd32f4xx_enet_eval.o ABSOLUTE
    ..\\User\\gd32f4xx_it.c                  0x00000000   Number         0  gd32f4xx_it.o ABSOLUTE
    ..\\User\\main.c                         0x00000000   Number         0  main.o ABSOLUTE
    ..\\User\\systick.c                      0x00000000   Number         0  systick.o ABSOLUTE
    cdrcmple.s                               0x00000000   Number         0  cdrcmple.o ABSOLUTE
    dc.s                                     0x00000000   Number         0  dc.o ABSOLUTE
    handlers.s                               0x00000000   Number         0  handlers.o ABSOLUTE
    init.s                                   0x00000000   Number         0  init.o ABSOLUTE
    RESET                                    0x08000000   Section      428  startup_gd32f450_470.o(RESET)
    .ARM.Collect$$$$00000000                 0x080001ac   Section        0  entry.o(.ARM.Collect$$$$00000000)
    .ARM.Collect$$$$00000001                 0x080001ac   Section        4  entry2.o(.ARM.Collect$$$$00000001)
    .ARM.Collect$$$$00000004                 0x080001b0   Section        4  entry5.o(.ARM.Collect$$$$00000004)
    .ARM.Collect$$$$00000008                 0x080001b4   Section        0  entry7b.o(.ARM.Collect$$$$00000008)
    .ARM.Collect$$$$0000000A                 0x080001b4   Section        0  entry8b.o(.ARM.Collect$$$$0000000A)
    .ARM.Collect$$$$0000000B                 0x080001b4   Section        8  entry9a.o(.ARM.Collect$$$$0000000B)
    .ARM.Collect$$$$0000000E                 0x080001bc   Section        4  entry12b.o(.ARM.Collect$$$$0000000E)
    .ARM.Collect$$$$0000000F                 0x080001c0   Section        0  entry10a.o(.ARM.Collect$$$$0000000F)
    .ARM.Collect$$$$00000011                 0x080001c0   Section        0  entry11a.o(.ARM.Collect$$$$00000011)
    .ARM.Collect$$$$00002712                 0x080001c0   Section        4  entry2.o(.ARM.Collect$$$$00002712)
    __lit__00000000                          0x080001c0   Data           4  entry2.o(.ARM.Collect$$$$00002712)
    .emb_text                                0x080001c4   Section      190  port.o(.emb_text)
    $v0                                      0x080001c4   Number         0  port.o(.emb_text)
    .text                                    0x08000284   Section       36  startup_gd32f450_470.o(.text)
    $v0                                      0x08000284   Number         0  startup_gd32f450_470.o(.text)
    .text                                    0x080002a8   Section        0  memmovea.o(.text)
    .text                                    0x080002e8   Section        0  memseta.o(.text)
    .text                                    0x0800030c   Section        0  uldiv.o(.text)
    .text                                    0x08000370   Section       36  init.o(.text)
    .text                                    0x08000394   Section        0  llshl.o(.text)
    .text                                    0x080003b2   Section        0  llushr.o(.text)
    i.BusFault_Handler                       0x080003d2   Section        0  gd32f4xx_it.o(i.BusFault_Handler)
    i.DebugMon_Handler                       0x080003d6   Section        0  gd32f4xx_it.o(i.DebugMon_Handler)
    i.HardFault_Handler                      0x080003da   Section        0  gd32f4xx_it.o(i.HardFault_Handler)
    i.LED_Thread1                            0x080003e0   Section        0  main.o(i.LED_Thread1)
    i.LED_Thread2                            0x08000404   Section        0  main.o(i.LED_Thread2)
    i.MemManage_Handler                      0x0800041c   Section        0  gd32f4xx_it.o(i.MemManage_Handler)
    i.NMI_Handler                            0x08000420   Section        0  gd32f4xx_it.o(i.NMI_Handler)
    i.NVIC_SetPriority                       0x08000424   Section        0  systick.o(i.NVIC_SetPriority)
    NVIC_SetPriority                         0x08000425   Thumb Code    32  systick.o(i.NVIC_SetPriority)
    i.SysTick_Handler                        0x0800044c   Section        0  port.o(i.SysTick_Handler)
    i.SystemInit                             0x08000480   Section        0  system_gd32f4xx.o(i.SystemInit)
    i.UsageFault_Handler                     0x08000554   Section        0  gd32f4xx_it.o(i.UsageFault_Handler)
    i.__0printf$8                            0x08000558   Section        0  printf8.o(i.__0printf$8)
    i.__scatterload_copy                     0x08000578   Section       14  handlers.o(i.__scatterload_copy)
    i.__scatterload_null                     0x08000586   Section        2  handlers.o(i.__scatterload_null)
    i.__scatterload_zeroinit                 0x08000588   Section       14  handlers.o(i.__scatterload_zeroinit)
    i._printf_core                           0x08000598   Section        0  printf8.o(i._printf_core)
    _printf_core                             0x08000599   Thumb Code   984  printf8.o(i._printf_core)
    i._printf_post_padding                   0x0800099c   Section        0  printf8.o(i._printf_post_padding)
    _printf_post_padding                     0x0800099d   Thumb Code    36  printf8.o(i._printf_post_padding)
    i._printf_pre_padding                    0x080009c0   Section        0  printf8.o(i._printf_pre_padding)
    _printf_pre_padding                      0x080009c1   Thumb Code    46  printf8.o(i._printf_pre_padding)
    i.adc_calibration_enable                 0x080009ee   Section        0  gd32f4xx_adc.o(i.adc_calibration_enable)
    i.adc_channel_length_config              0x08000a18   Section        0  gd32f4xx_adc.o(i.adc_channel_length_config)
    i.adc_clock_config                       0x08000a6c   Section        0  gd32f4xx_adc.o(i.adc_clock_config)
    i.adc_data_alignment_config              0x08000a90   Section        0  gd32f4xx_adc.o(i.adc_data_alignment_config)
    i.adc_enable                             0x08000aa6   Section        0  gd32f4xx_adc.o(i.adc_enable)
    i.adc_external_trigger_config            0x08000ab8   Section        0  gd32f4xx_adc.o(i.adc_external_trigger_config)
    i.adc_routine_channel_config             0x08000aec   Section        0  gd32f4xx_adc.o(i.adc_routine_channel_config)
    i.adc_special_function_config            0x08000b98   Section        0  gd32f4xx_adc.o(i.adc_special_function_config)
    i.adc_sync_dma_config                    0x08000bf4   Section        0  gd32f4xx_adc.o(i.adc_sync_dma_config)
    i.adc_sync_dma_request_after_last_enable 0x08000c18   Section        0  gd32f4xx_adc.o(i.adc_sync_dma_request_after_last_enable)
    i.adc_sync_mode_config                   0x08000c30   Section        0  gd32f4xx_adc.o(i.adc_sync_mode_config)
    i.dma_channel_enable                     0x08000c54   Section        0  gd32f4xx_dma.o(i.dma_channel_enable)
    i.dma_channel_subperipheral_select       0x08000c74   Section        0  gd32f4xx_dma.o(i.dma_channel_subperipheral_select)
    i.dma_config                             0x08000c9c   Section        0  main.o(i.dma_config)
    i.dma_deinit                             0x08000cf8   Section        0  gd32f4xx_dma.o(i.dma_deinit)
    i.dma_single_data_mode_init              0x08000da0   Section        0  gd32f4xx_dma.o(i.dma_single_data_mode_init)
    i.fputc                                  0x08000ef8   Section        0  main.o(i.fputc)
    i.gd_adc_init                            0x08000f1c   Section        0  main.o(i.gd_adc_init)
    i.gd_usart_init                          0x08000f74   Section        0  main.o(i.gd_usart_init)
    i.gpio_af_set                            0x08001020   Section        0  gd32f4xx_gpio.o(i.gpio_af_set)
    i.gpio_bit_reset                         0x0800107e   Section        0  gd32f4xx_gpio.o(i.gpio_bit_reset)
    i.gpio_bit_set                           0x08001082   Section        0  gd32f4xx_gpio.o(i.gpio_bit_set)
    i.gpio_mode_set                          0x08001086   Section        0  gd32f4xx_gpio.o(i.gpio_mode_set)
    i.gpio_output_options_set                0x080010d4   Section        0  gd32f4xx_gpio.o(i.gpio_output_options_set)
    i.main                                   0x08001118   Section        0  main.o(i.main)
    i.prvAddCurrentTaskToDelayedList         0x080011f0   Section        0  tasks.o(i.prvAddCurrentTaskToDelayedList)
    prvAddCurrentTaskToDelayedList           0x080011f1   Thumb Code   174  tasks.o(i.prvAddCurrentTaskToDelayedList)
    i.prvAddNewTaskToReadyList               0x080012bc   Section        0  tasks.o(i.prvAddNewTaskToReadyList)
    prvAddNewTaskToReadyList                 0x080012bd   Thumb Code   218  tasks.o(i.prvAddNewTaskToReadyList)
    i.prvCheckForValidListAndQueue           0x080013b4   Section        0  timers.o(i.prvCheckForValidListAndQueue)
    prvCheckForValidListAndQueue             0x080013b5   Thumb Code    72  timers.o(i.prvCheckForValidListAndQueue)
    i.prvCheckTasksWaitingTermination        0x08001418   Section        0  tasks.o(i.prvCheckTasksWaitingTermination)
    prvCheckTasksWaitingTermination          0x08001419   Thumb Code    60  tasks.o(i.prvCheckTasksWaitingTermination)
    i.prvCopyDataFromQueue                   0x08001460   Section        0  queue.o(i.prvCopyDataFromQueue)
    prvCopyDataFromQueue                     0x08001461   Thumb Code    42  queue.o(i.prvCopyDataFromQueue)
    i.prvCopyDataToQueue                     0x0800148a   Section        0  queue.o(i.prvCopyDataToQueue)
    prvCopyDataToQueue                       0x0800148b   Thumb Code   126  queue.o(i.prvCopyDataToQueue)
    i.prvCreateIdleTasks                     0x08001508   Section        0  tasks.o(i.prvCreateIdleTasks)
    prvCreateIdleTasks                       0x08001509   Thumb Code    86  tasks.o(i.prvCreateIdleTasks)
    i.prvCreateTask                          0x08001570   Section        0  tasks.o(i.prvCreateTask)
    prvCreateTask                            0x08001571   Thumb Code    90  tasks.o(i.prvCreateTask)
    i.prvDeleteTCB                           0x080015ca   Section        0  tasks.o(i.prvDeleteTCB)
    prvDeleteTCB                             0x080015cb   Thumb Code    18  tasks.o(i.prvDeleteTCB)
    i.prvGetNextExpireTime                   0x080015dc   Section        0  timers.o(i.prvGetNextExpireTime)
    prvGetNextExpireTime                     0x080015dd   Thumb Code    36  timers.o(i.prvGetNextExpireTime)
    i.prvHeapInit                            0x08001604   Section        0  heap_4.o(i.prvHeapInit)
    prvHeapInit                              0x08001605   Thumb Code    88  heap_4.o(i.prvHeapInit)
    i.prvIdleTask                            0x08001670   Section        0  tasks.o(i.prvIdleTask)
    prvIdleTask                              0x08001671   Thumb Code    32  tasks.o(i.prvIdleTask)
    i.prvInitialiseNewQueue                  0x08001698   Section        0  queue.o(i.prvInitialiseNewQueue)
    prvInitialiseNewQueue                    0x08001699   Thumb Code    46  queue.o(i.prvInitialiseNewQueue)
    i.prvInitialiseNewTask                   0x080016c6   Section        0  tasks.o(i.prvInitialiseNewTask)
    prvInitialiseNewTask                     0x080016c7   Thumb Code   204  tasks.o(i.prvInitialiseNewTask)
    i.prvInitialiseTaskLists                 0x08001794   Section        0  tasks.o(i.prvInitialiseTaskLists)
    prvInitialiseTaskLists                   0x08001795   Thumb Code    70  tasks.o(i.prvInitialiseTaskLists)
    i.prvInsertBlockIntoFreeList             0x080017fc   Section        0  heap_4.o(i.prvInsertBlockIntoFreeList)
    prvInsertBlockIntoFreeList               0x080017fd   Thumb Code   144  heap_4.o(i.prvInsertBlockIntoFreeList)
    i.prvInsertTimerInActiveList             0x0800189c   Section        0  timers.o(i.prvInsertTimerInActiveList)
    prvInsertTimerInActiveList               0x0800189d   Thumb Code    80  timers.o(i.prvInsertTimerInActiveList)
    i.prvIsQueueEmpty                        0x080018f4   Section        0  queue.o(i.prvIsQueueEmpty)
    prvIsQueueEmpty                          0x080018f5   Thumb Code    26  queue.o(i.prvIsQueueEmpty)
    i.prvNotifyQueueSetContainer             0x0800190e   Section        0  queue.o(i.prvNotifyQueueSetContainer)
    prvNotifyQueueSetContainer               0x0800190f   Thumb Code   186  queue.o(i.prvNotifyQueueSetContainer)
    i.prvProcessExpiredTimer                 0x080019c8   Section        0  timers.o(i.prvProcessExpiredTimer)
    prvProcessExpiredTimer                   0x080019c9   Thumb Code    62  timers.o(i.prvProcessExpiredTimer)
    i.prvProcessReceivedCommands             0x08001a0c   Section        0  timers.o(i.prvProcessReceivedCommands)
    prvProcessReceivedCommands               0x08001a0d   Thumb Code   336  timers.o(i.prvProcessReceivedCommands)
    i.prvProcessTimerOrBlockTask             0x08001b60   Section        0  timers.o(i.prvProcessTimerOrBlockTask)
    prvProcessTimerOrBlockTask               0x08001b61   Thumb Code   102  timers.o(i.prvProcessTimerOrBlockTask)
    i.prvReloadTimer                         0x08001bd4   Section        0  timers.o(i.prvReloadTimer)
    prvReloadTimer                           0x08001bd5   Thumb Code    40  timers.o(i.prvReloadTimer)
    i.prvResetNextTaskUnblockTime            0x08001bfc   Section        0  tasks.o(i.prvResetNextTaskUnblockTime)
    prvResetNextTaskUnblockTime              0x08001bfd   Thumb Code    40  tasks.o(i.prvResetNextTaskUnblockTime)
    i.prvSampleTimeNow                       0x08001c2c   Section        0  timers.o(i.prvSampleTimeNow)
    prvSampleTimeNow                         0x08001c2d   Thumb Code    40  timers.o(i.prvSampleTimeNow)
    i.prvSwitchTimerLists                    0x08001c58   Section        0  timers.o(i.prvSwitchTimerLists)
    prvSwitchTimerLists                      0x08001c59   Thumb Code    58  timers.o(i.prvSwitchTimerLists)
    i.prvTaskExitError                       0x08001c9c   Section        0  port.o(i.prvTaskExitError)
    prvTaskExitError                         0x08001c9d   Thumb Code    60  port.o(i.prvTaskExitError)
    i.prvTimerTask                           0x08001cdc   Section        0  timers.o(i.prvTimerTask)
    prvTimerTask                             0x08001cdd   Thumb Code    26  timers.o(i.prvTimerTask)
    i.prvUnlockQueue                         0x08001cf6   Section        0  queue.o(i.prvUnlockQueue)
    prvUnlockQueue                           0x08001cf7   Thumb Code   144  queue.o(i.prvUnlockQueue)
    i.pvPortMalloc                           0x08001d88   Section        0  heap_4.o(i.pvPortMalloc)
    i.pxPortInitialiseStack                  0x08001f80   Section        0  port.o(i.pxPortInitialiseStack)
    i.rcu_clock_freq_get                     0x08001fac   Section        0  gd32f4xx_rcu.o(i.rcu_clock_freq_get)
    i.rcu_config                             0x080020d0   Section        0  main.o(i.rcu_config)
    i.rcu_osci_bypass_mode_enable            0x08002104   Section        0  gd32f4xx_rcu.o(i.rcu_osci_bypass_mode_enable)
    i.rcu_periph_clock_enable                0x08002178   Section        0  gd32f4xx_rcu.o(i.rcu_periph_clock_enable)
    i.rcu_periph_reset_disable               0x0800219c   Section        0  gd32f4xx_rcu.o(i.rcu_periph_reset_disable)
    i.rcu_periph_reset_enable                0x080021c0   Section        0  gd32f4xx_rcu.o(i.rcu_periph_reset_enable)
    i.rcu_timer_clock_prescaler_config       0x080021e4   Section        0  gd32f4xx_rcu.o(i.rcu_timer_clock_prescaler_config)
    i.start_task                             0x08002208   Section        0  main.o(i.start_task)
    i.system_clock_200m_25m_hxtal            0x08002274   Section        0  system_gd32f4xx.o(i.system_clock_200m_25m_hxtal)
    system_clock_200m_25m_hxtal              0x08002275   Thumb Code   258  system_gd32f4xx.o(i.system_clock_200m_25m_hxtal)
    i.system_clock_config                    0x08002384   Section        0  system_gd32f4xx.o(i.system_clock_config)
    system_clock_config                      0x08002385   Thumb Code     8  system_gd32f4xx.o(i.system_clock_config)
    i.systick_config                         0x0800238c   Section        0  systick.o(i.systick_config)
    i.timer_channel_output_config            0x080023dc   Section        0  gd32f4xx_timer.o(i.timer_channel_output_config)
    i.timer_channel_output_mode_config       0x080025c8   Section        0  gd32f4xx_timer.o(i.timer_channel_output_mode_config)
    i.timer_channel_output_pulse_value_config 0x08002622   Section        0  gd32f4xx_timer.o(i.timer_channel_output_pulse_value_config)
    i.timer_channel_output_shadow_config     0x08002648   Section        0  gd32f4xx_timer.o(i.timer_channel_output_shadow_config)
    i.timer_config                           0x080026a2   Section        0  main.o(i.timer_config)
    i.timer_enable                           0x08002726   Section        0  gd32f4xx_timer.o(i.timer_enable)
    i.timer_init                             0x08002730   Section        0  gd32f4xx_timer.o(i.timer_init)
    i.usart_baudrate_set                     0x080027c8   Section        0  gd32f4xx_usart.o(i.usart_baudrate_set)
    i.usart_data_transmit                    0x080028b0   Section        0  gd32f4xx_usart.o(i.usart_data_transmit)
    i.usart_deinit                           0x080028b8   Section        0  gd32f4xx_usart.o(i.usart_deinit)
    i.usart_enable                           0x08002994   Section        0  gd32f4xx_usart.o(i.usart_enable)
    i.usart_flag_get                         0x0800299e   Section        0  gd32f4xx_usart.o(i.usart_flag_get)
    i.usart_hardware_flow_cts_config         0x080029bc   Section        0  gd32f4xx_usart.o(i.usart_hardware_flow_cts_config)
    i.usart_hardware_flow_rts_config         0x080029d0   Section        0  gd32f4xx_usart.o(i.usart_hardware_flow_rts_config)
    i.usart_parity_config                    0x080029e4   Section        0  gd32f4xx_usart.o(i.usart_parity_config)
    i.usart_receive_config                   0x080029f4   Section        0  gd32f4xx_usart.o(i.usart_receive_config)
    i.usart_stop_bit_set                     0x08002a04   Section        0  gd32f4xx_usart.o(i.usart_stop_bit_set)
    i.usart_transmit_config                  0x08002a14   Section        0  gd32f4xx_usart.o(i.usart_transmit_config)
    i.usart_word_length_set                  0x08002a24   Section        0  gd32f4xx_usart.o(i.usart_word_length_set)
    i.uxListRemove                           0x08002a34   Section        0  list.o(i.uxListRemove)
    i.uxTaskGetNumberOfTasks                 0x08002a5c   Section        0  tasks.o(i.uxTaskGetNumberOfTasks)
    i.vListInitialise                        0x08002a68   Section        0  list.o(i.vListInitialise)
    i.vListInitialiseItem                    0x08002a82   Section        0  list.o(i.vListInitialiseItem)
    i.vListInsert                            0x08002a88   Section        0  list.o(i.vListInsert)
    i.vListInsertEnd                         0x08002abc   Section        0  list.o(i.vListInsertEnd)
    i.vPortEnterCritical                     0x08002ad4   Section        0  port.o(i.vPortEnterCritical)
    i.vPortExitCritical                      0x08002b28   Section        0  port.o(i.vPortExitCritical)
    i.vPortFree                              0x08002b64   Section        0  heap_4.o(i.vPortFree)
    i.vPortSetupTimerInterrupt               0x08002c24   Section        0  port.o(i.vPortSetupTimerInterrupt)
    i.vQueueAddToRegistry                    0x08002c4c   Section        0  queue.o(i.vQueueAddToRegistry)
    i.vQueueWaitForMessageRestricted         0x08002cac   Section        0  queue.o(i.vQueueWaitForMessageRestricted)
    i.vTaskDelay                             0x08002cf8   Section        0  tasks.o(i.vTaskDelay)
    i.vTaskDelete                            0x08002d54   Section        0  tasks.o(i.vTaskDelete)
    i.vTaskInternalSetTimeOutState           0x08002e68   Section        0  tasks.o(i.vTaskInternalSetTimeOutState)
    i.vTaskMissedYield                       0x08002e80   Section        0  tasks.o(i.vTaskMissedYield)
    i.vTaskPlaceOnEventList                  0x08002e8c   Section        0  tasks.o(i.vTaskPlaceOnEventList)
    i.vTaskPlaceOnEventListRestricted        0x08002ec4   Section        0  tasks.o(i.vTaskPlaceOnEventListRestricted)
    i.vTaskStartScheduler                    0x08002f2c   Section        0  tasks.o(i.vTaskStartScheduler)
    i.vTaskSuspendAll                        0x08002fa8   Section        0  tasks.o(i.vTaskSuspendAll)
    i.vTaskSwitchContext                     0x08002fb8   Section        0  tasks.o(i.vTaskSwitchContext)
    i.xPortStartScheduler                    0x0800304c   Section        0  port.o(i.xPortStartScheduler)
    i.xQueueGenericCreate                    0x080031b4   Section        0  queue.o(i.xQueueGenericCreate)
    i.xQueueGenericReset                     0x0800321c   Section        0  queue.o(i.xQueueGenericReset)
    i.xQueueReceive                          0x080032f8   Section        0  queue.o(i.xQueueReceive)
    i.xTaskCheckForTimeOut                   0x08003460   Section        0  tasks.o(i.xTaskCheckForTimeOut)
    i.xTaskCreate                            0x080034f0   Section        0  tasks.o(i.xTaskCreate)
    i.xTaskGetSchedulerState                 0x08003528   Section        0  tasks.o(i.xTaskGetSchedulerState)
    i.xTaskGetTickCount                      0x08003548   Section        0  tasks.o(i.xTaskGetTickCount)
    i.xTaskIncrementTick                     0x08003554   Section        0  tasks.o(i.xTaskIncrementTick)
    i.xTaskPriorityDisinherit                0x08003720   Section        0  tasks.o(i.xTaskPriorityDisinherit)
    i.xTaskRemoveFromEventList               0x08003818   Section        0  tasks.o(i.xTaskRemoveFromEventList)
    i.xTaskResumeAll                         0x08003948   Section        0  tasks.o(i.xTaskResumeAll)
    i.xTimerCreateTimerTask                  0x08003ae8   Section        0  timers.o(i.xTimerCreateTimerTask)
    .data                                    0x20000000   Section       20  main.o(.data)
    .data                                    0x20000014   Section        4  system_gd32f4xx.o(.data)
    .data                                    0x20000018   Section       28  heap_4.o(.data)
    xStart                                   0x20000018   Data           8  heap_4.o(.data)
    pxEnd                                    0x20000020   Data           4  heap_4.o(.data)
    xFreeBytesRemaining                      0x20000024   Data           4  heap_4.o(.data)
    xMinimumEverFreeBytesRemaining           0x20000028   Data           4  heap_4.o(.data)
    xNumberOfSuccessfulAllocations           0x2000002c   Data           4  heap_4.o(.data)
    xNumberOfSuccessfulFrees                 0x20000030   Data           4  heap_4.o(.data)
    .data                                    0x20000034   Section       12  port.o(.data)
    uxCriticalNesting                        0x20000034   Data           4  port.o(.data)
    ucMaxSysCallPriority                     0x20000038   Data           1  port.o(.data)
    ulMaxPRIGROUPValue                       0x2000003c   Data           4  port.o(.data)
    .data                                    0x20000040   Section       64  tasks.o(.data)
    pxDelayedTaskList                        0x20000044   Data           4  tasks.o(.data)
    pxOverflowDelayedTaskList                0x20000048   Data           4  tasks.o(.data)
    uxDeletedTasksWaitingCleanUp             0x2000004c   Data           4  tasks.o(.data)
    uxCurrentNumberOfTasks                   0x20000050   Data           4  tasks.o(.data)
    xTickCount                               0x20000054   Data           4  tasks.o(.data)
    uxTopReadyPriority                       0x20000058   Data           4  tasks.o(.data)
    xSchedulerRunning                        0x2000005c   Data           4  tasks.o(.data)
    xPendedTicks                             0x20000060   Data           4  tasks.o(.data)
    xYieldPendings                           0x20000064   Data           4  tasks.o(.data)
    xNumOfOverflows                          0x20000068   Data           4  tasks.o(.data)
    uxTaskNumber                             0x2000006c   Data           4  tasks.o(.data)
    xNextTaskUnblockTime                     0x20000070   Data           4  tasks.o(.data)
    xIdleTaskHandles                         0x20000074   Data           4  tasks.o(.data)
    uxTopUsedPriority                        0x20000078   Data           4  tasks.o(.data)
    uxSchedulerSuspended                     0x2000007c   Data           4  tasks.o(.data)
    .data                                    0x20000080   Section       20  timers.o(.data)
    pxCurrentTimerList                       0x20000080   Data           4  timers.o(.data)
    pxOverflowTimerList                      0x20000084   Data           4  timers.o(.data)
    xTimerQueue                              0x20000088   Data           4  timers.o(.data)
    xTimerTaskHandle                         0x2000008c   Data           4  timers.o(.data)
    xLastTime                                0x20000090   Data           4  timers.o(.data)
    .data                                    0x20000094   Section        4  stdout.o(.data)
    .bss                                     0x20000098   Section    20480  heap_4.o(.bss)
    ucHeap                                   0x20000098   Data       20480  heap_4.o(.bss)
    .bss                                     0x20005098   Section       64  queue.o(.bss)
    .bss                                     0x200050d8   Section      740  tasks.o(.bss)
    pxReadyTasksLists                        0x200050d8   Data         640  tasks.o(.bss)
    xDelayedTaskList1                        0x20005358   Data          20  tasks.o(.bss)
    xDelayedTaskList2                        0x2000536c   Data          20  tasks.o(.bss)
    xPendingReadyList                        0x20005380   Data          20  tasks.o(.bss)
    xTasksWaitingTermination                 0x20005394   Data          20  tasks.o(.bss)
    xSuspendedTaskList                       0x200053a8   Data          20  tasks.o(.bss)
    .bss                                     0x200053bc   Section       40  timers.o(.bss)
    xActiveTimerList1                        0x200053bc   Data          20  timers.o(.bss)
    xActiveTimerList2                        0x200053d0   Data          20  timers.o(.bss)
    STACK                                    0x200053e8   Section     1024  startup_gd32f450_470.o(STACK)

    Global Symbols

    Symbol Name                              Value     Ov Type        Size  Object(Section)

    BuildAttributes$$THM_ISAv4$E$P$D$K$B$S$7EM$VFPi3$EXTD16$VFPS$VFMA$PE$A:L22UL41UL21$X:L11$S22US41US21$IEEE1$IW$USESV6$~STKCKD$USESV7$~SHL$OSPACE$ROPI$EBA8$MICROLIB$REQ8$PRES8$EABIv2 0x00000000   Number         0  anon$$obj.o ABSOLUTE
    __ARM_use_no_argv                        0x00000000   Number         0  main.o ABSOLUTE
    _printf_a                                0x00000000   Number         0  stubs.o ABSOLUTE
    _printf_c                                0x00000000   Number         0  stubs.o ABSOLUTE
    _printf_charcount                        0x00000000   Number         0  stubs.o ABSOLUTE
    _printf_d                                0x00000000   Number         0  stubs.o ABSOLUTE
    _printf_e                                0x00000000   Number         0  stubs.o ABSOLUTE
    _printf_f                                0x00000000   Number         0  stubs.o ABSOLUTE
    _printf_flags                            0x00000000   Number         0  stubs.o ABSOLUTE
    _printf_fp_dec                           0x00000000   Number         0  stubs.o ABSOLUTE
    _printf_fp_hex                           0x00000000   Number         0  stubs.o ABSOLUTE
    _printf_g                                0x00000000   Number         0  stubs.o ABSOLUTE
    _printf_i                                0x00000000   Number         0  stubs.o ABSOLUTE
    _printf_int_dec                          0x00000000   Number         0  stubs.o ABSOLUTE
    _printf_l                                0x00000000   Number         0  stubs.o ABSOLUTE
    _printf_lc                               0x00000000   Number         0  stubs.o ABSOLUTE
    _printf_ll                               0x00000000   Number         0  stubs.o ABSOLUTE
    _printf_lld                              0x00000000   Number         0  stubs.o ABSOLUTE
    _printf_lli                              0x00000000   Number         0  stubs.o ABSOLUTE
    _printf_llo                              0x00000000   Number         0  stubs.o ABSOLUTE
    _printf_llu                              0x00000000   Number         0  stubs.o ABSOLUTE
    _printf_llx                              0x00000000   Number         0  stubs.o ABSOLUTE
    _printf_longlong_dec                     0x00000000   Number         0  stubs.o ABSOLUTE
    _printf_longlong_hex                     0x00000000   Number         0  stubs.o ABSOLUTE
    _printf_longlong_oct                     0x00000000   Number         0  stubs.o ABSOLUTE
    _printf_ls                               0x00000000   Number         0  stubs.o ABSOLUTE
    _printf_mbtowc                           0x00000000   Number         0  stubs.o ABSOLUTE
    _printf_n                                0x00000000   Number         0  stubs.o ABSOLUTE
    _printf_o                                0x00000000   Number         0  stubs.o ABSOLUTE
    _printf_p                                0x00000000   Number         0  stubs.o ABSOLUTE
    _printf_percent                          0x00000000   Number         0  stubs.o ABSOLUTE
    _printf_pre_padding                      0x00000000   Number         0  stubs.o ABSOLUTE
    _printf_return_value                     0x00000000   Number         0  stubs.o ABSOLUTE
    _printf_s                                0x00000000   Number         0  stubs.o ABSOLUTE
    _printf_sizespec                         0x00000000   Number         0  stubs.o ABSOLUTE
    _printf_str                              0x00000000   Number         0  stubs.o ABSOLUTE
    _printf_truncate_signed                  0x00000000   Number         0  stubs.o ABSOLUTE
    _printf_truncate_unsigned                0x00000000   Number         0  stubs.o ABSOLUTE
    _printf_u                                0x00000000   Number         0  stubs.o ABSOLUTE
    _printf_wc                               0x00000000   Number         0  stubs.o ABSOLUTE
    _printf_wctomb                           0x00000000   Number         0  stubs.o ABSOLUTE
    _printf_widthprec                        0x00000000   Number         0  stubs.o ABSOLUTE
    _printf_x                                0x00000000   Number         0  stubs.o ABSOLUTE
    __arm_fini_                               - Undefined Weak Reference
    __cpp_initialize__aeabi_                  - Undefined Weak Reference
    __cxa_finalize                            - Undefined Weak Reference
    __decompress                              - Undefined Weak Reference
    _clock_init                               - Undefined Weak Reference
    _microlib_exit                            - Undefined Weak Reference
    __Vectors_Size                           0x000001ac   Number         0  startup_gd32f450_470.o ABSOLUTE
    __Vectors                                0x08000000   Data           4  startup_gd32f450_470.o(RESET)
    __Vectors_End                            0x080001ac   Data           0  startup_gd32f450_470.o(RESET)
    __main                                   0x080001ad   Thumb Code     0  entry.o(.ARM.Collect$$$$00000000)
    _main_stk                                0x080001ad   Thumb Code     0  entry2.o(.ARM.Collect$$$$00000001)
    _main_scatterload                        0x080001b1   Thumb Code     0  entry5.o(.ARM.Collect$$$$00000004)
    __main_after_scatterload                 0x080001b5   Thumb Code     0  entry5.o(.ARM.Collect$$$$00000004)
    _main_clock                              0x080001b5   Thumb Code     0  entry7b.o(.ARM.Collect$$$$00000008)
    _main_cpp_init                           0x080001b5   Thumb Code     0  entry8b.o(.ARM.Collect$$$$0000000A)
    _main_init                               0x080001b5   Thumb Code     0  entry9a.o(.ARM.Collect$$$$0000000B)
    __rt_lib_shutdown_fini                   0x080001bd   Thumb Code     0  entry12b.o(.ARM.Collect$$$$0000000E)
    __rt_final_cpp                           0x080001c1   Thumb Code     0  entry10a.o(.ARM.Collect$$$$0000000F)
    __rt_final_exit                          0x080001c1   Thumb Code     0  entry11a.o(.ARM.Collect$$$$00000011)
    SVC_Handler                              0x080001c5   Thumb Code    28  port.o(.emb_text)
    __asm___6_port_c_39a90d8d__prvStartFirstTask 0x080001e5   Thumb Code    36  port.o(.emb_text)
    __asm___6_port_c_39a90d8d__prvEnableVFP  0x0800020d   Thumb Code    16  port.o(.emb_text)
    PendSV_Handler                           0x08000221   Thumb Code    88  port.o(.emb_text)
    vPortGetIPSR                             0x0800027d   Thumb Code     6  port.o(.emb_text)
    Reset_Handler                            0x08000285   Thumb Code     8  startup_gd32f450_470.o(.text)
    ADC_IRQHandler                           0x0800029f   Thumb Code     0  startup_gd32f450_470.o(.text)
    CAN0_EWMC_IRQHandler                     0x0800029f   Thumb Code     0  startup_gd32f450_470.o(.text)
    CAN0_RX0_IRQHandler                      0x0800029f   Thumb Code     0  startup_gd32f450_470.o(.text)
    CAN0_RX1_IRQHandler                      0x0800029f   Thumb Code     0  startup_gd32f450_470.o(.text)
    CAN0_TX_IRQHandler                       0x0800029f   Thumb Code     0  startup_gd32f450_470.o(.text)
    CAN1_EWMC_IRQHandler                     0x0800029f   Thumb Code     0  startup_gd32f450_470.o(.text)
    CAN1_RX0_IRQHandler                      0x0800029f   Thumb Code     0  startup_gd32f450_470.o(.text)
    CAN1_RX1_IRQHandler                      0x0800029f   Thumb Code     0  startup_gd32f450_470.o(.text)
    CAN1_TX_IRQHandler                       0x0800029f   Thumb Code     0  startup_gd32f450_470.o(.text)
    DCI_IRQHandler                           0x0800029f   Thumb Code     0  startup_gd32f450_470.o(.text)
    DMA0_Channel0_IRQHandler                 0x0800029f   Thumb Code     0  startup_gd32f450_470.o(.text)
    DMA0_Channel1_IRQHandler                 0x0800029f   Thumb Code     0  startup_gd32f450_470.o(.text)
    DMA0_Channel2_IRQHandler                 0x0800029f   Thumb Code     0  startup_gd32f450_470.o(.text)
    DMA0_Channel3_IRQHandler                 0x0800029f   Thumb Code     0  startup_gd32f450_470.o(.text)
    DMA0_Channel4_IRQHandler                 0x0800029f   Thumb Code     0  startup_gd32f450_470.o(.text)
    DMA0_Channel5_IRQHandler                 0x0800029f   Thumb Code     0  startup_gd32f450_470.o(.text)
    DMA0_Channel6_IRQHandler                 0x0800029f   Thumb Code     0  startup_gd32f450_470.o(.text)
    DMA0_Channel7_IRQHandler                 0x0800029f   Thumb Code     0  startup_gd32f450_470.o(.text)
    DMA1_Channel0_IRQHandler                 0x0800029f   Thumb Code     0  startup_gd32f450_470.o(.text)
    DMA1_Channel1_IRQHandler                 0x0800029f   Thumb Code     0  startup_gd32f450_470.o(.text)
    DMA1_Channel2_IRQHandler                 0x0800029f   Thumb Code     0  startup_gd32f450_470.o(.text)
    DMA1_Channel3_IRQHandler                 0x0800029f   Thumb Code     0  startup_gd32f450_470.o(.text)
    DMA1_Channel4_IRQHandler                 0x0800029f   Thumb Code     0  startup_gd32f450_470.o(.text)
    DMA1_Channel5_IRQHandler                 0x0800029f   Thumb Code     0  startup_gd32f450_470.o(.text)
    DMA1_Channel6_IRQHandler                 0x0800029f   Thumb Code     0  startup_gd32f450_470.o(.text)
    DMA1_Channel7_IRQHandler                 0x0800029f   Thumb Code     0  startup_gd32f450_470.o(.text)
    ENET_IRQHandler                          0x0800029f   Thumb Code     0  startup_gd32f450_470.o(.text)
    ENET_WKUP_IRQHandler                     0x0800029f   Thumb Code     0  startup_gd32f450_470.o(.text)
    EXMC_IRQHandler                          0x0800029f   Thumb Code     0  startup_gd32f450_470.o(.text)
    EXTI0_IRQHandler                         0x0800029f   Thumb Code     0  startup_gd32f450_470.o(.text)
    EXTI10_15_IRQHandler                     0x0800029f   Thumb Code     0  startup_gd32f450_470.o(.text)
    EXTI1_IRQHandler                         0x0800029f   Thumb Code     0  startup_gd32f450_470.o(.text)
    EXTI2_IRQHandler                         0x0800029f   Thumb Code     0  startup_gd32f450_470.o(.text)
    EXTI3_IRQHandler                         0x0800029f   Thumb Code     0  startup_gd32f450_470.o(.text)
    EXTI4_IRQHandler                         0x0800029f   Thumb Code     0  startup_gd32f450_470.o(.text)
    EXTI5_9_IRQHandler                       0x0800029f   Thumb Code     0  startup_gd32f450_470.o(.text)
    FMC_IRQHandler                           0x0800029f   Thumb Code     0  startup_gd32f450_470.o(.text)
    FPU_IRQHandler                           0x0800029f   Thumb Code     0  startup_gd32f450_470.o(.text)
    I2C0_ER_IRQHandler                       0x0800029f   Thumb Code     0  startup_gd32f450_470.o(.text)
    I2C0_EV_IRQHandler                       0x0800029f   Thumb Code     0  startup_gd32f450_470.o(.text)
    I2C1_ER_IRQHandler                       0x0800029f   Thumb Code     0  startup_gd32f450_470.o(.text)
    I2C1_EV_IRQHandler                       0x0800029f   Thumb Code     0  startup_gd32f450_470.o(.text)
    I2C2_ER_IRQHandler                       0x0800029f   Thumb Code     0  startup_gd32f450_470.o(.text)
    I2C2_EV_IRQHandler                       0x0800029f   Thumb Code     0  startup_gd32f450_470.o(.text)
    IPA_IRQHandler                           0x0800029f   Thumb Code     0  startup_gd32f450_470.o(.text)
    LVD_IRQHandler                           0x0800029f   Thumb Code     0  startup_gd32f450_470.o(.text)
    RCU_CTC_IRQHandler                       0x0800029f   Thumb Code     0  startup_gd32f450_470.o(.text)
    RTC_Alarm_IRQHandler                     0x0800029f   Thumb Code     0  startup_gd32f450_470.o(.text)
    RTC_WKUP_IRQHandler                      0x0800029f   Thumb Code     0  startup_gd32f450_470.o(.text)
    SDIO_IRQHandler                          0x0800029f   Thumb Code     0  startup_gd32f450_470.o(.text)
    SPI0_IRQHandler                          0x0800029f   Thumb Code     0  startup_gd32f450_470.o(.text)
    SPI1_IRQHandler                          0x0800029f   Thumb Code     0  startup_gd32f450_470.o(.text)
    SPI2_IRQHandler                          0x0800029f   Thumb Code     0  startup_gd32f450_470.o(.text)
    SPI3_IRQHandler                          0x0800029f   Thumb Code     0  startup_gd32f450_470.o(.text)
    SPI4_IRQHandler                          0x0800029f   Thumb Code     0  startup_gd32f450_470.o(.text)
    SPI5_IRQHandler                          0x0800029f   Thumb Code     0  startup_gd32f450_470.o(.text)
    TAMPER_STAMP_IRQHandler                  0x0800029f   Thumb Code     0  startup_gd32f450_470.o(.text)
    TIMER0_BRK_TIMER8_IRQHandler             0x0800029f   Thumb Code     0  startup_gd32f450_470.o(.text)
    TIMER0_Channel_IRQHandler                0x0800029f   Thumb Code     0  startup_gd32f450_470.o(.text)
    TIMER0_TRG_CMT_TIMER10_IRQHandler        0x0800029f   Thumb Code     0  startup_gd32f450_470.o(.text)
    TIMER0_UP_TIMER9_IRQHandler              0x0800029f   Thumb Code     0  startup_gd32f450_470.o(.text)
    TIMER1_IRQHandler                        0x0800029f   Thumb Code     0  startup_gd32f450_470.o(.text)
    TIMER2_IRQHandler                        0x0800029f   Thumb Code     0  startup_gd32f450_470.o(.text)
    TIMER3_IRQHandler                        0x0800029f   Thumb Code     0  startup_gd32f450_470.o(.text)
    TIMER4_IRQHandler                        0x0800029f   Thumb Code     0  startup_gd32f450_470.o(.text)
    TIMER5_DAC_IRQHandler                    0x0800029f   Thumb Code     0  startup_gd32f450_470.o(.text)
    TIMER6_IRQHandler                        0x0800029f   Thumb Code     0  startup_gd32f450_470.o(.text)
    TIMER7_BRK_TIMER11_IRQHandler            0x0800029f   Thumb Code     0  startup_gd32f450_470.o(.text)
    TIMER7_Channel_IRQHandler                0x0800029f   Thumb Code     0  startup_gd32f450_470.o(.text)
    TIMER7_TRG_CMT_TIMER13_IRQHandler        0x0800029f   Thumb Code     0  startup_gd32f450_470.o(.text)
    TIMER7_UP_TIMER12_IRQHandler             0x0800029f   Thumb Code     0  startup_gd32f450_470.o(.text)
    TLI_ER_IRQHandler                        0x0800029f   Thumb Code     0  startup_gd32f450_470.o(.text)
    TLI_IRQHandler                           0x0800029f   Thumb Code     0  startup_gd32f450_470.o(.text)
    TRNG_IRQHandler                          0x0800029f   Thumb Code     0  startup_gd32f450_470.o(.text)
    UART3_IRQHandler                         0x0800029f   Thumb Code     0  startup_gd32f450_470.o(.text)
    UART4_IRQHandler                         0x0800029f   Thumb Code     0  startup_gd32f450_470.o(.text)
    UART6_IRQHandler                         0x0800029f   Thumb Code     0  startup_gd32f450_470.o(.text)
    UART7_IRQHandler                         0x0800029f   Thumb Code     0  startup_gd32f450_470.o(.text)
    USART0_IRQHandler                        0x0800029f   Thumb Code     0  startup_gd32f450_470.o(.text)
    USART1_IRQHandler                        0x0800029f   Thumb Code     0  startup_gd32f450_470.o(.text)
    USART2_IRQHandler                        0x0800029f   Thumb Code     0  startup_gd32f450_470.o(.text)
    USART5_IRQHandler                        0x0800029f   Thumb Code     0  startup_gd32f450_470.o(.text)
    USBFS_IRQHandler                         0x0800029f   Thumb Code     0  startup_gd32f450_470.o(.text)
    USBFS_WKUP_IRQHandler                    0x0800029f   Thumb Code     0  startup_gd32f450_470.o(.text)
    USBHS_EP1_In_IRQHandler                  0x0800029f   Thumb Code     0  startup_gd32f450_470.o(.text)
    USBHS_EP1_Out_IRQHandler                 0x0800029f   Thumb Code     0  startup_gd32f450_470.o(.text)
    USBHS_IRQHandler                         0x0800029f   Thumb Code     0  startup_gd32f450_470.o(.text)
    USBHS_WKUP_IRQHandler                    0x0800029f   Thumb Code     0  startup_gd32f450_470.o(.text)
    WWDGT_IRQHandler                         0x0800029f   Thumb Code     0  startup_gd32f450_470.o(.text)
    ___aeabi_memcpy4$move                    0x080002a9   Thumb Code     0  memmovea.o(.text)
    ___aeabi_memcpy8$move                    0x080002a9   Thumb Code     0  memmovea.o(.text)
    __aeabi_memcpy                           0x080002a9   Thumb Code    64  memmovea.o(.text)
    __aeabi_memmove                          0x080002a9   Thumb Code     0  memmovea.o(.text)
    __aeabi_memmove4                         0x080002a9   Thumb Code     0  memmovea.o(.text)
    __aeabi_memmove8                         0x080002a9   Thumb Code     0  memmovea.o(.text)
    __aeabi_memset                           0x080002e9   Thumb Code    14  memseta.o(.text)
    __aeabi_memset4                          0x080002e9   Thumb Code     0  memseta.o(.text)
    __aeabi_memset8                          0x080002e9   Thumb Code     0  memseta.o(.text)
    __aeabi_memclr                           0x080002f7   Thumb Code     4  memseta.o(.text)
    __aeabi_memclr4                          0x080002f7   Thumb Code     0  memseta.o(.text)
    __aeabi_memclr8                          0x080002f7   Thumb Code     0  memseta.o(.text)
    memset                                   0x080002fb   Thumb Code    18  memseta.o(.text)
    __aeabi_uldivmod                         0x0800030d   Thumb Code    98  uldiv.o(.text)
    __scatterload                            0x08000371   Thumb Code    28  init.o(.text)
    __scatterload_rt2                        0x08000371   Thumb Code     0  init.o(.text)
    __aeabi_llsl                             0x08000395   Thumb Code    30  llshl.o(.text)
    _ll_shift_l                              0x08000395   Thumb Code     0  llshl.o(.text)
    __aeabi_llsr                             0x080003b3   Thumb Code    32  llushr.o(.text)
    _ll_ushift_r                             0x080003b3   Thumb Code     0  llushr.o(.text)
    BusFault_Handler                         0x080003d3   Thumb Code     4  gd32f4xx_it.o(i.BusFault_Handler)
    DebugMon_Handler                         0x080003d7   Thumb Code     4  gd32f4xx_it.o(i.DebugMon_Handler)
    HardFault_Handler                        0x080003db   Thumb Code     4  gd32f4xx_it.o(i.HardFault_Handler)
    LED_Thread1                              0x080003e1   Thumb Code    32  main.o(i.LED_Thread1)
    LED_Thread2                              0x08000405   Thumb Code    18  main.o(i.LED_Thread2)
    MemManage_Handler                        0x0800041d   Thumb Code     4  gd32f4xx_it.o(i.MemManage_Handler)
    NMI_Handler                              0x08000421   Thumb Code     4  gd32f4xx_it.o(i.NMI_Handler)
    SysTick_Handler                          0x0800044d   Thumb Code    46  port.o(i.SysTick_Handler)
    SystemInit                               0x08000481   Thumb Code   194  system_gd32f4xx.o(i.SystemInit)
    UsageFault_Handler                       0x08000555   Thumb Code     4  gd32f4xx_it.o(i.UsageFault_Handler)
    __0printf$8                              0x08000559   Thumb Code    22  printf8.o(i.__0printf$8)
    __1printf$8                              0x08000559   Thumb Code     0  printf8.o(i.__0printf$8)
    __2printf                                0x08000559   Thumb Code     0  printf8.o(i.__0printf$8)
    __scatterload_copy                       0x08000579   Thumb Code    14  handlers.o(i.__scatterload_copy)
    __scatterload_null                       0x08000587   Thumb Code     2  handlers.o(i.__scatterload_null)
    __scatterload_zeroinit                   0x08000589   Thumb Code    14  handlers.o(i.__scatterload_zeroinit)
    adc_calibration_enable                   0x080009ef   Thumb Code    42  gd32f4xx_adc.o(i.adc_calibration_enable)
    adc_channel_length_config                0x08000a19   Thumb Code    82  gd32f4xx_adc.o(i.adc_channel_length_config)
    adc_clock_config                         0x08000a6d   Thumb Code    28  gd32f4xx_adc.o(i.adc_clock_config)
    adc_data_alignment_config                0x08000a91   Thumb Code    22  gd32f4xx_adc.o(i.adc_data_alignment_config)
    adc_enable                               0x08000aa7   Thumb Code    18  gd32f4xx_adc.o(i.adc_enable)
    adc_external_trigger_config              0x08000ab9   Thumb Code    52  gd32f4xx_adc.o(i.adc_external_trigger_config)
    adc_routine_channel_config               0x08000aed   Thumb Code   172  gd32f4xx_adc.o(i.adc_routine_channel_config)
    adc_special_function_config              0x08000b99   Thumb Code    90  gd32f4xx_adc.o(i.adc_special_function_config)
    adc_sync_dma_config                      0x08000bf5   Thumb Code    28  gd32f4xx_adc.o(i.adc_sync_dma_config)
    adc_sync_dma_request_after_last_enable   0x08000c19   Thumb Code    16  gd32f4xx_adc.o(i.adc_sync_dma_request_after_last_enable)
    adc_sync_mode_config                     0x08000c31   Thumb Code    28  gd32f4xx_adc.o(i.adc_sync_mode_config)
    dma_channel_enable                       0x08000c55   Thumb Code    32  gd32f4xx_dma.o(i.dma_channel_enable)
    dma_channel_subperipheral_select         0x08000c75   Thumb Code    38  gd32f4xx_dma.o(i.dma_channel_subperipheral_select)
    dma_config                               0x08000c9d   Thumb Code    80  main.o(i.dma_config)
    dma_deinit                               0x08000cf9   Thumb Code   166  gd32f4xx_dma.o(i.dma_deinit)
    dma_single_data_mode_init                0x08000da1   Thumb Code   340  gd32f4xx_dma.o(i.dma_single_data_mode_init)
    fputc                                    0x08000ef9   Thumb Code    32  main.o(i.fputc)
    gd_adc_init                              0x08000f1d   Thumb Code    84  main.o(i.gd_adc_init)
    gd_usart_init                            0x08000f75   Thumb Code   168  main.o(i.gd_usart_init)
    gpio_af_set                              0x08001021   Thumb Code    94  gd32f4xx_gpio.o(i.gpio_af_set)
    gpio_bit_reset                           0x0800107f   Thumb Code     4  gd32f4xx_gpio.o(i.gpio_bit_reset)
    gpio_bit_set                             0x08001083   Thumb Code     4  gd32f4xx_gpio.o(i.gpio_bit_set)
    gpio_mode_set                            0x08001087   Thumb Code    78  gd32f4xx_gpio.o(i.gpio_mode_set)
    gpio_output_options_set                  0x080010d5   Thumb Code    66  gd32f4xx_gpio.o(i.gpio_output_options_set)
    main                                     0x08001119   Thumb Code   116  main.o(i.main)
    pvPortMalloc                             0x08001d89   Thumb Code   474  heap_4.o(i.pvPortMalloc)
    pxPortInitialiseStack                    0x08001f81   Thumb Code    38  port.o(i.pxPortInitialiseStack)
    rcu_clock_freq_get                       0x08001fad   Thumb Code   264  gd32f4xx_rcu.o(i.rcu_clock_freq_get)
    rcu_config                               0x080020d1   Thumb Code    52  main.o(i.rcu_config)
    rcu_osci_bypass_mode_enable              0x08002105   Thumb Code   112  gd32f4xx_rcu.o(i.rcu_osci_bypass_mode_enable)
    rcu_periph_clock_enable                  0x08002179   Thumb Code    32  gd32f4xx_rcu.o(i.rcu_periph_clock_enable)
    rcu_periph_reset_disable                 0x0800219d   Thumb Code    32  gd32f4xx_rcu.o(i.rcu_periph_reset_disable)
    rcu_periph_reset_enable                  0x080021c1   Thumb Code    32  gd32f4xx_rcu.o(i.rcu_periph_reset_enable)
    rcu_timer_clock_prescaler_config         0x080021e5   Thumb Code    32  gd32f4xx_rcu.o(i.rcu_timer_clock_prescaler_config)
    start_task                               0x08002209   Thumb Code    62  main.o(i.start_task)
    systick_config                           0x0800238d   Thumb Code    74  systick.o(i.systick_config)
    timer_channel_output_config              0x080023dd   Thumb Code   484  gd32f4xx_timer.o(i.timer_channel_output_config)
    timer_channel_output_mode_config         0x080025c9   Thumb Code    90  gd32f4xx_timer.o(i.timer_channel_output_mode_config)
    timer_channel_output_pulse_value_config  0x08002623   Thumb Code    38  gd32f4xx_timer.o(i.timer_channel_output_pulse_value_config)
    timer_channel_output_shadow_config       0x08002649   Thumb Code    90  gd32f4xx_timer.o(i.timer_channel_output_shadow_config)
    timer_config                             0x080026a3   Thumb Code   132  main.o(i.timer_config)
    timer_enable                             0x08002727   Thumb Code    10  gd32f4xx_timer.o(i.timer_enable)
    timer_init                               0x08002731   Thumb Code   122  gd32f4xx_timer.o(i.timer_init)
    usart_baudrate_set                       0x080027c9   Thumb Code   224  gd32f4xx_usart.o(i.usart_baudrate_set)
    usart_data_transmit                      0x080028b1   Thumb Code     8  gd32f4xx_usart.o(i.usart_data_transmit)
    usart_deinit                             0x080028b9   Thumb Code   210  gd32f4xx_usart.o(i.usart_deinit)
    usart_enable                             0x08002995   Thumb Code    10  gd32f4xx_usart.o(i.usart_enable)
    usart_flag_get                           0x0800299f   Thumb Code    30  gd32f4xx_usart.o(i.usart_flag_get)
    usart_hardware_flow_cts_config           0x080029bd   Thumb Code    20  gd32f4xx_usart.o(i.usart_hardware_flow_cts_config)
    usart_hardware_flow_rts_config           0x080029d1   Thumb Code    20  gd32f4xx_usart.o(i.usart_hardware_flow_rts_config)
    usart_parity_config                      0x080029e5   Thumb Code    16  gd32f4xx_usart.o(i.usart_parity_config)
    usart_receive_config                     0x080029f5   Thumb Code    16  gd32f4xx_usart.o(i.usart_receive_config)
    usart_stop_bit_set                       0x08002a05   Thumb Code    16  gd32f4xx_usart.o(i.usart_stop_bit_set)
    usart_transmit_config                    0x08002a15   Thumb Code    16  gd32f4xx_usart.o(i.usart_transmit_config)
    usart_word_length_set                    0x08002a25   Thumb Code    16  gd32f4xx_usart.o(i.usart_word_length_set)
    uxListRemove                             0x08002a35   Thumb Code    40  list.o(i.uxListRemove)
    uxTaskGetNumberOfTasks                   0x08002a5d   Thumb Code     6  tasks.o(i.uxTaskGetNumberOfTasks)
    vListInitialise                          0x08002a69   Thumb Code    26  list.o(i.vListInitialise)
    vListInitialiseItem                      0x08002a83   Thumb Code     6  list.o(i.vListInitialiseItem)
    vListInsert                              0x08002a89   Thumb Code    52  list.o(i.vListInsert)
    vListInsertEnd                           0x08002abd   Thumb Code    24  list.o(i.vListInsertEnd)
    vPortEnterCritical                       0x08002ad5   Thumb Code    76  port.o(i.vPortEnterCritical)
    vPortExitCritical                        0x08002b29   Thumb Code    56  port.o(i.vPortExitCritical)
    vPortFree                                0x08002b65   Thumb Code   174  heap_4.o(i.vPortFree)
    vPortSetupTimerInterrupt                 0x08002c25   Thumb Code    36  port.o(i.vPortSetupTimerInterrupt)
    vQueueAddToRegistry                      0x08002c4d   Thumb Code    90  queue.o(i.vQueueAddToRegistry)
    vQueueWaitForMessageRestricted           0x08002cad   Thumb Code    74  queue.o(i.vQueueWaitForMessageRestricted)
    vTaskDelay                               0x08002cf9   Thumb Code    82  tasks.o(i.vTaskDelay)
    vTaskDelete                              0x08002d55   Thumb Code   234  tasks.o(i.vTaskDelete)
    vTaskInternalSetTimeOutState             0x08002e69   Thumb Code    14  tasks.o(i.vTaskInternalSetTimeOutState)
    vTaskMissedYield                         0x08002e81   Thumb Code     8  tasks.o(i.vTaskMissedYield)
    vTaskPlaceOnEventList                    0x08002e8d   Thumb Code    52  tasks.o(i.vTaskPlaceOnEventList)
    vTaskPlaceOnEventListRestricted          0x08002ec5   Thumb Code    98  tasks.o(i.vTaskPlaceOnEventListRestricted)
    vTaskStartScheduler                      0x08002f2d   Thumb Code   106  tasks.o(i.vTaskStartScheduler)
    vTaskSuspendAll                          0x08002fa9   Thumb Code    12  tasks.o(i.vTaskSuspendAll)
    vTaskSwitchContext                       0x08002fb9   Thumb Code   126  tasks.o(i.vTaskSwitchContext)
    xPortStartScheduler                      0x0800304d   Thumb Code   330  port.o(i.xPortStartScheduler)
    xQueueGenericCreate                      0x080031b5   Thumb Code   102  queue.o(i.xQueueGenericCreate)
    xQueueGenericReset                       0x0800321d   Thumb Code   214  queue.o(i.xQueueGenericReset)
    xQueueReceive                            0x080032f9   Thumb Code   356  queue.o(i.xQueueReceive)
    xTaskCheckForTimeOut                     0x08003461   Thumb Code   136  tasks.o(i.xTaskCheckForTimeOut)
    xTaskCreate                              0x080034f1   Thumb Code    56  tasks.o(i.xTaskCreate)
    xTaskGetSchedulerState                   0x08003529   Thumb Code    24  tasks.o(i.xTaskGetSchedulerState)
    xTaskGetTickCount                        0x08003549   Thumb Code     6  tasks.o(i.xTaskGetTickCount)
    xTaskIncrementTick                       0x08003555   Thumb Code   414  tasks.o(i.xTaskIncrementTick)
    xTaskPriorityDisinherit                  0x08003721   Thumb Code   234  tasks.o(i.xTaskPriorityDisinherit)
    xTaskRemoveFromEventList                 0x08003819   Thumb Code   280  tasks.o(i.xTaskRemoveFromEventList)
    xTaskResumeAll                           0x08003949   Thumb Code   380  tasks.o(i.xTaskResumeAll)
    xTimerCreateTimerTask                    0x08003ae9   Thumb Code    66  timers.o(i.xTimerCreateTimerTask)
    Region$$Table$$Base                      0x08003b40   Number         0  anon$$obj.o(Region$$Table)
    Region$$Table$$Limit                     0x08003b60   Number         0  anon$$obj.o(Region$$Table)
    adc_value                                0x20000000   Data           8  main.o(.data)
    StartTask_Handler                        0x20000008   Data           4  main.o(.data)
    LED1Task_Handler                         0x2000000c   Data           4  main.o(.data)
    LED2Task_Handler                         0x20000010   Data           4  main.o(.data)
    SystemCoreClock                          0x20000014   Data           4  system_gd32f4xx.o(.data)
    pxCurrentTCB                             0x20000040   Data           4  tasks.o(.data)
    __stdout                                 0x20000094   Data           4  stdout.o(.data)
    xQueueRegistry                           0x20005098   Data          64  queue.o(.bss)
    __initial_sp                             0x200057e8   Data           0  startup_gd32f450_470.o(STACK)



==============================================================================

Memory Map of the image

  Image Entry point : 0x080001ad

  Load Region LR_IROM1 (Base: 0x08000000, Size: 0x00003bf8, Max: 0x00300000, ABSOLUTE)

    Execution Region ER_IROM1 (Exec base: 0x08000000, Load base: 0x08000000, Size: 0x00003b60, Max: 0x00300000, ABSOLUTE)

    Exec Addr    Load Addr    Size         Type   Attr      Idx    E Section Name        Object

    0x08000000   0x08000000   0x000001ac   Data   RO         5906    RESET               startup_gd32f450_470.o
    0x080001ac   0x080001ac   0x00000000   Code   RO        11294  * .ARM.Collect$$$$00000000  mc_w.l(entry.o)
    0x080001ac   0x080001ac   0x00000004   Code   RO        11608    .ARM.Collect$$$$00000001  mc_w.l(entry2.o)
    0x080001b0   0x080001b0   0x00000004   Code   RO        11611    .ARM.Collect$$$$00000004  mc_w.l(entry5.o)
    0x080001b4   0x080001b4   0x00000000   Code   RO        11613    .ARM.Collect$$$$00000008  mc_w.l(entry7b.o)
    0x080001b4   0x080001b4   0x00000000   Code   RO        11615    .ARM.Collect$$$$0000000A  mc_w.l(entry8b.o)
    0x080001b4   0x080001b4   0x00000008   Code   RO        11616    .ARM.Collect$$$$0000000B  mc_w.l(entry9a.o)
    0x080001bc   0x080001bc   0x00000004   Code   RO        11623    .ARM.Collect$$$$0000000E  mc_w.l(entry12b.o)
    0x080001c0   0x080001c0   0x00000000   Code   RO        11618    .ARM.Collect$$$$0000000F  mc_w.l(entry10a.o)
    0x080001c0   0x080001c0   0x00000000   Code   RO        11620    .ARM.Collect$$$$00000011  mc_w.l(entry11a.o)
    0x080001c0   0x080001c0   0x00000004   Code   RO        11609    .ARM.Collect$$$$00002712  mc_w.l(entry2.o)
    0x080001c4   0x080001c4   0x000000be   Code   RO         6347    .emb_text           port.o
    0x08000282   0x08000282   0x00000002   PAD
    0x08000284   0x08000284   0x00000024   Code   RO         5907    .text               startup_gd32f450_470.o
    0x080002a8   0x080002a8   0x00000040   Code   RO        11327    .text               mc_w.l(memmovea.o)
    0x080002e8   0x080002e8   0x00000024   Code   RO        11331    .text               mc_w.l(memseta.o)
    0x0800030c   0x0800030c   0x00000062   Code   RO        11627    .text               mc_w.l(uldiv.o)
    0x0800036e   0x0800036e   0x00000002   PAD
    0x08000370   0x08000370   0x00000024   Code   RO        11649    .text               mc_w.l(init.o)
    0x08000394   0x08000394   0x0000001e   Code   RO        11651    .text               mc_w.l(llshl.o)
    0x080003b2   0x080003b2   0x00000020   Code   RO        11653    .text               mc_w.l(llushr.o)
    0x080003d2   0x080003d2   0x00000004   Code   RO            3    i.BusFault_Handler  gd32f4xx_it.o
    0x080003d6   0x080003d6   0x00000004   Code   RO            4    i.DebugMon_Handler  gd32f4xx_it.o
    0x080003da   0x080003da   0x00000004   Code   RO            5    i.HardFault_Handler  gd32f4xx_it.o
    0x080003de   0x080003de   0x00000002   PAD
    0x080003e0   0x080003e0   0x00000024   Code   RO          287    i.LED_Thread1       main.o
    0x08000404   0x08000404   0x00000018   Code   RO          288    i.LED_Thread2       main.o
    0x0800041c   0x0800041c   0x00000004   Code   RO            6    i.MemManage_Handler  gd32f4xx_it.o
    0x08000420   0x08000420   0x00000004   Code   RO            7    i.NMI_Handler       gd32f4xx_it.o
    0x08000424   0x08000424   0x00000028   Code   RO          383    i.NVIC_SetPriority  systick.o
    0x0800044c   0x0800044c   0x00000034   Code   RO         6348    i.SysTick_Handler   port.o
    0x08000480   0x08000480   0x000000d4   Code   RO         5914    i.SystemInit        system_gd32f4xx.o
    0x08000554   0x08000554   0x00000004   Code   RO            8    i.UsageFault_Handler  gd32f4xx_it.o
    0x08000558   0x08000558   0x00000020   Code   RO        11552    i.__0printf$8       mc_w.l(printf8.o)
    0x08000578   0x08000578   0x0000000e   Code   RO        11665    i.__scatterload_copy  mc_w.l(handlers.o)
    0x08000586   0x08000586   0x00000002   Code   RO        11666    i.__scatterload_null  mc_w.l(handlers.o)
    0x08000588   0x08000588   0x0000000e   Code   RO        11667    i.__scatterload_zeroinit  mc_w.l(handlers.o)
    0x08000596   0x08000596   0x00000002   PAD
    0x08000598   0x08000598   0x00000404   Code   RO        11559    i._printf_core      mc_w.l(printf8.o)
    0x0800099c   0x0800099c   0x00000024   Code   RO        11560    i._printf_post_padding  mc_w.l(printf8.o)
    0x080009c0   0x080009c0   0x0000002e   Code   RO        11561    i._printf_pre_padding  mc_w.l(printf8.o)
    0x080009ee   0x080009ee   0x0000002a   Code   RO          426    i.adc_calibration_enable  gd32f4xx_adc.o
    0x08000a18   0x08000a18   0x00000052   Code   RO          428    i.adc_channel_length_config  gd32f4xx_adc.o
    0x08000a6a   0x08000a6a   0x00000002   PAD
    0x08000a6c   0x08000a6c   0x00000024   Code   RO          429    i.adc_clock_config  gd32f4xx_adc.o
    0x08000a90   0x08000a90   0x00000016   Code   RO          430    i.adc_data_alignment_config  gd32f4xx_adc.o
    0x08000aa6   0x08000aa6   0x00000012   Code   RO          438    i.adc_enable        gd32f4xx_adc.o
    0x08000ab8   0x08000ab8   0x00000034   Code   RO          440    i.adc_external_trigger_config  gd32f4xx_adc.o
    0x08000aec   0x08000aec   0x000000ac   Code   RO          456    i.adc_routine_channel_config  gd32f4xx_adc.o
    0x08000b98   0x08000b98   0x0000005a   Code   RO          460    i.adc_special_function_config  gd32f4xx_adc.o
    0x08000bf2   0x08000bf2   0x00000002   PAD
    0x08000bf4   0x08000bf4   0x00000024   Code   RO          462    i.adc_sync_dma_config  gd32f4xx_adc.o
    0x08000c18   0x08000c18   0x00000018   Code   RO          464    i.adc_sync_dma_request_after_last_enable  gd32f4xx_adc.o
    0x08000c30   0x08000c30   0x00000024   Code   RO          465    i.adc_sync_mode_config  gd32f4xx_adc.o
    0x08000c54   0x08000c54   0x00000020   Code   RO         1467    i.dma_channel_enable  gd32f4xx_dma.o
    0x08000c74   0x08000c74   0x00000026   Code   RO         1468    i.dma_channel_subperipheral_select  gd32f4xx_dma.o
    0x08000c9a   0x08000c9a   0x00000002   PAD
    0x08000c9c   0x08000c9c   0x0000005c   Code   RO          289    i.dma_config        main.o
    0x08000cf8   0x08000cf8   0x000000a6   Code   RO         1471    i.dma_deinit        gd32f4xx_dma.o
    0x08000d9e   0x08000d9e   0x00000002   PAD
    0x08000da0   0x08000da0   0x00000158   Code   RO         1491    i.dma_single_data_mode_init  gd32f4xx_dma.o
    0x08000ef8   0x08000ef8   0x00000024   Code   RO          290    i.fputc             main.o
    0x08000f1c   0x08000f1c   0x00000058   Code   RO          291    i.gd_adc_init       main.o
    0x08000f74   0x08000f74   0x000000ac   Code   RO          292    i.gd_usart_init     main.o
    0x08001020   0x08001020   0x0000005e   Code   RO         2885    i.gpio_af_set       gd32f4xx_gpio.o
    0x0800107e   0x0800107e   0x00000004   Code   RO         2886    i.gpio_bit_reset    gd32f4xx_gpio.o
    0x08001082   0x08001082   0x00000004   Code   RO         2887    i.gpio_bit_set      gd32f4xx_gpio.o
    0x08001086   0x08001086   0x0000004e   Code   RO         2893    i.gpio_mode_set     gd32f4xx_gpio.o
    0x080010d4   0x080010d4   0x00000042   Code   RO         2895    i.gpio_output_options_set  gd32f4xx_gpio.o
    0x08001116   0x08001116   0x00000002   PAD
    0x08001118   0x08001118   0x000000d8   Code   RO          294    i.main              main.o
    0x080011f0   0x080011f0   0x000000cc   Code   RO         7025    i.prvAddCurrentTaskToDelayedList  tasks.o
    0x080012bc   0x080012bc   0x000000f8   Code   RO         7026    i.prvAddNewTaskToReadyList  tasks.o
    0x080013b4   0x080013b4   0x00000064   Code   RO         7443    i.prvCheckForValidListAndQueue  timers.o
    0x08001418   0x08001418   0x00000048   Code   RO         7027    i.prvCheckTasksWaitingTermination  tasks.o
    0x08001460   0x08001460   0x0000002a   Code   RO         6586    i.prvCopyDataFromQueue  queue.o
    0x0800148a   0x0800148a   0x0000007e   Code   RO         6587    i.prvCopyDataToQueue  queue.o
    0x08001508   0x08001508   0x00000068   Code   RO         7028    i.prvCreateIdleTasks  tasks.o
    0x08001570   0x08001570   0x0000005a   Code   RO         7029    i.prvCreateTask     tasks.o
    0x080015ca   0x080015ca   0x00000012   Code   RO         7030    i.prvDeleteTCB      tasks.o
    0x080015dc   0x080015dc   0x00000028   Code   RO         7444    i.prvGetNextExpireTime  timers.o
    0x08001604   0x08001604   0x0000006c   Code   RO         6268    i.prvHeapInit       heap_4.o
    0x08001670   0x08001670   0x00000028   Code   RO         7031    i.prvIdleTask       tasks.o
    0x08001698   0x08001698   0x0000002e   Code   RO         6590    i.prvInitialiseNewQueue  queue.o
    0x080016c6   0x080016c6   0x000000cc   Code   RO         7032    i.prvInitialiseNewTask  tasks.o
    0x08001792   0x08001792   0x00000002   PAD
    0x08001794   0x08001794   0x00000068   Code   RO         7033    i.prvInitialiseTaskLists  tasks.o
    0x080017fc   0x080017fc   0x000000a0   Code   RO         6269    i.prvInsertBlockIntoFreeList  heap_4.o
    0x0800189c   0x0800189c   0x00000058   Code   RO         7446    i.prvInsertTimerInActiveList  timers.o
    0x080018f4   0x080018f4   0x0000001a   Code   RO         6591    i.prvIsQueueEmpty   queue.o
    0x0800190e   0x0800190e   0x000000ba   Code   RO         6593    i.prvNotifyQueueSetContainer  queue.o
    0x080019c8   0x080019c8   0x00000044   Code   RO         7447    i.prvProcessExpiredTimer  timers.o
    0x08001a0c   0x08001a0c   0x00000154   Code   RO         7448    i.prvProcessReceivedCommands  timers.o
    0x08001b60   0x08001b60   0x00000074   Code   RO         7449    i.prvProcessTimerOrBlockTask  timers.o
    0x08001bd4   0x08001bd4   0x00000028   Code   RO         7450    i.prvReloadTimer    timers.o
    0x08001bfc   0x08001bfc   0x00000030   Code   RO         7035    i.prvResetNextTaskUnblockTime  tasks.o
    0x08001c2c   0x08001c2c   0x0000002c   Code   RO         7451    i.prvSampleTimeNow  timers.o
    0x08001c58   0x08001c58   0x00000044   Code   RO         7452    i.prvSwitchTimerLists  timers.o
    0x08001c9c   0x08001c9c   0x00000040   Code   RO         6349    i.prvTaskExitError  port.o
    0x08001cdc   0x08001cdc   0x0000001a   Code   RO         7453    i.prvTimerTask      timers.o
    0x08001cf6   0x08001cf6   0x00000090   Code   RO         6594    i.prvUnlockQueue    queue.o
    0x08001d86   0x08001d86   0x00000002   PAD
    0x08001d88   0x08001d88   0x000001f8   Code   RO         6271    i.pvPortMalloc      heap_4.o
    0x08001f80   0x08001f80   0x0000002c   Code   RO         6350    i.pxPortInitialiseStack  port.o
    0x08001fac   0x08001fac   0x00000124   Code   RO         3663    i.rcu_clock_freq_get  gd32f4xx_rcu.o
    0x080020d0   0x080020d0   0x00000034   Code   RO          295    i.rcu_config        main.o
    0x08002104   0x08002104   0x00000074   Code   RO         3677    i.rcu_osci_bypass_mode_enable  gd32f4xx_rcu.o
    0x08002178   0x08002178   0x00000024   Code   RO         3682    i.rcu_periph_clock_enable  gd32f4xx_rcu.o
    0x0800219c   0x0800219c   0x00000024   Code   RO         3685    i.rcu_periph_reset_disable  gd32f4xx_rcu.o
    0x080021c0   0x080021c0   0x00000024   Code   RO         3686    i.rcu_periph_reset_enable  gd32f4xx_rcu.o
    0x080021e4   0x080021e4   0x00000024   Code   RO         3698    i.rcu_timer_clock_prescaler_config  gd32f4xx_rcu.o
    0x08002208   0x08002208   0x0000006c   Code   RO          296    i.start_task        main.o
    0x08002274   0x08002274   0x00000110   Code   RO         5915    i.system_clock_200m_25m_hxtal  system_gd32f4xx.o
    0x08002384   0x08002384   0x00000008   Code   RO         5916    i.system_clock_config  system_gd32f4xx.o
    0x0800238c   0x0800238c   0x00000050   Code   RO          386    i.systick_config    systick.o
    0x080023dc   0x080023dc   0x000001ec   Code   RO         4840    i.timer_channel_output_config  gd32f4xx_timer.o
    0x080025c8   0x080025c8   0x0000005a   Code   RO         4842    i.timer_channel_output_mode_config  gd32f4xx_timer.o
    0x08002622   0x08002622   0x00000026   Code   RO         4844    i.timer_channel_output_pulse_value_config  gd32f4xx_timer.o
    0x08002648   0x08002648   0x0000005a   Code   RO         4845    i.timer_channel_output_shadow_config  gd32f4xx_timer.o
    0x080026a2   0x080026a2   0x00000084   Code   RO          297    i.timer_config      main.o
    0x08002726   0x08002726   0x0000000a   Code   RO         4859    i.timer_enable      gd32f4xx_timer.o
    0x08002730   0x08002730   0x00000098   Code   RO         4869    i.timer_init        gd32f4xx_timer.o
    0x080027c8   0x080027c8   0x000000e8   Code   RO         5507    i.usart_baudrate_set  gd32f4xx_usart.o
    0x080028b0   0x080028b0   0x00000008   Code   RO         5512    i.usart_data_transmit  gd32f4xx_usart.o
    0x080028b8   0x080028b8   0x000000dc   Code   RO         5513    i.usart_deinit      gd32f4xx_usart.o
    0x08002994   0x08002994   0x0000000a   Code   RO         5517    i.usart_enable      gd32f4xx_usart.o
    0x0800299e   0x0800299e   0x0000001e   Code   RO         5519    i.usart_flag_get    gd32f4xx_usart.o
    0x080029bc   0x080029bc   0x00000014   Code   RO         5524    i.usart_hardware_flow_cts_config  gd32f4xx_usart.o
    0x080029d0   0x080029d0   0x00000014   Code   RO         5525    i.usart_hardware_flow_rts_config  gd32f4xx_usart.o
    0x080029e4   0x080029e4   0x00000010   Code   RO         5542    i.usart_parity_config  gd32f4xx_usart.o
    0x080029f4   0x080029f4   0x00000010   Code   RO         5544    i.usart_receive_config  gd32f4xx_usart.o
    0x08002a04   0x08002a04   0x00000010   Code   RO         5555    i.usart_stop_bit_set  gd32f4xx_usart.o
    0x08002a14   0x08002a14   0x00000010   Code   RO         5559    i.usart_transmit_config  gd32f4xx_usart.o
    0x08002a24   0x08002a24   0x00000010   Code   RO         5560    i.usart_word_length_set  gd32f4xx_usart.o
    0x08002a34   0x08002a34   0x00000028   Code   RO         6549    i.uxListRemove      list.o
    0x08002a5c   0x08002a5c   0x0000000c   Code   RO         7045    i.uxTaskGetNumberOfTasks  tasks.o
    0x08002a68   0x08002a68   0x0000001a   Code   RO         6550    i.vListInitialise   list.o
    0x08002a82   0x08002a82   0x00000006   Code   RO         6551    i.vListInitialiseItem  list.o
    0x08002a88   0x08002a88   0x00000034   Code   RO         6552    i.vListInsert       list.o
    0x08002abc   0x08002abc   0x00000018   Code   RO         6553    i.vListInsertEnd    list.o
    0x08002ad4   0x08002ad4   0x00000054   Code   RO         6352    i.vPortEnterCritical  port.o
    0x08002b28   0x08002b28   0x0000003c   Code   RO         6353    i.vPortExitCritical  port.o
    0x08002b64   0x08002b64   0x000000c0   Code   RO         6272    i.vPortFree         heap_4.o
    0x08002c24   0x08002c24   0x00000028   Code   RO         6354    i.vPortSetupTimerInterrupt  port.o
    0x08002c4c   0x08002c4c   0x00000060   Code   RO         6602    i.vQueueAddToRegistry  queue.o
    0x08002cac   0x08002cac   0x0000004a   Code   RO         6606    i.vQueueWaitForMessageRestricted  queue.o
    0x08002cf6   0x08002cf6   0x00000002   PAD
    0x08002cf8   0x08002cf8   0x0000005c   Code   RO         7051    i.vTaskDelay        tasks.o
    0x08002d54   0x08002d54   0x00000114   Code   RO         7052    i.vTaskDelete       tasks.o
    0x08002e68   0x08002e68   0x00000018   Code   RO         7056    i.vTaskInternalSetTimeOutState  tasks.o
    0x08002e80   0x08002e80   0x0000000c   Code   RO         7058    i.vTaskMissedYield  tasks.o
    0x08002e8c   0x08002e8c   0x00000038   Code   RO         7059    i.vTaskPlaceOnEventList  tasks.o
    0x08002ec4   0x08002ec4   0x00000068   Code   RO         7060    i.vTaskPlaceOnEventListRestricted  tasks.o
    0x08002f2c   0x08002f2c   0x0000007c   Code   RO         7069    i.vTaskStartScheduler  tasks.o
    0x08002fa8   0x08002fa8   0x00000010   Code   RO         7071    i.vTaskSuspendAll   tasks.o
    0x08002fb8   0x08002fb8   0x00000094   Code   RO         7072    i.vTaskSwitchContext  tasks.o
    0x0800304c   0x0800304c   0x00000168   Code   RO         6356    i.xPortStartScheduler  port.o
    0x080031b4   0x080031b4   0x00000066   Code   RO         6611    i.xQueueGenericCreate  queue.o
    0x0800321a   0x0800321a   0x00000002   PAD
    0x0800321c   0x0800321c   0x000000dc   Code   RO         6612    i.xQueueGenericReset  queue.o
    0x080032f8   0x080032f8   0x00000168   Code   RO         6621    i.xQueueReceive     queue.o
    0x08003460   0x08003460   0x00000090   Code   RO         7074    i.xTaskCheckForTimeOut  tasks.o
    0x080034f0   0x080034f0   0x00000038   Code   RO         7075    i.xTaskCreate       tasks.o
    0x08003528   0x08003528   0x00000020   Code   RO         7083    i.xTaskGetSchedulerState  tasks.o
    0x08003548   0x08003548   0x0000000c   Code   RO         7084    i.xTaskGetTickCount  tasks.o
    0x08003554   0x08003554   0x000001cc   Code   RO         7086    i.xTaskIncrementTick  tasks.o
    0x08003720   0x08003720   0x000000f8   Code   RO         7087    i.xTaskPriorityDisinherit  tasks.o
    0x08003818   0x08003818   0x00000130   Code   RO         7089    i.xTaskRemoveFromEventList  tasks.o
    0x08003948   0x08003948   0x000001a0   Code   RO         7090    i.xTaskResumeAll    tasks.o
    0x08003ae8   0x08003ae8   0x00000058   Code   RO         7462    i.xTimerCreateTimerTask  timers.o
    0x08003b40   0x08003b40   0x00000020   Data   RO        11663    Region$$Table       anon$$obj.o


    Execution Region RW_IRAM1 (Exec base: 0x20000000, Load base: 0x08003b60, Size: 0x000057e8, Max: 0x00030000, ABSOLUTE)

    Exec Addr    Load Addr    Size         Type   Attr      Idx    E Section Name        Object

    0x20000000   0x08003b60   0x00000014   Data   RW          298    .data               main.o
    0x20000014   0x08003b74   0x00000004   Data   RW         5917    .data               system_gd32f4xx.o
    0x20000018   0x08003b78   0x0000001c   Data   RW         6279    .data               heap_4.o
    0x20000034   0x08003b94   0x0000000c   Data   RW         6357    .data               port.o
    0x20000040   0x08003ba0   0x00000040   Data   RW         7093    .data               tasks.o
    0x20000080   0x08003be0   0x00000014   Data   RW         7473    .data               timers.o
    0x20000094   0x08003bf4   0x00000004   Data   RW        11624    .data               mc_w.l(stdout.o)
    0x20000098        -       0x00005000   Zero   RW         6278    .bss                heap_4.o
    0x20005098        -       0x00000040   Zero   RW         6628    .bss                queue.o
    0x200050d8        -       0x000002e4   Zero   RW         7092    .bss                tasks.o
    0x200053bc        -       0x00000028   Zero   RW         7472    .bss                timers.o
    0x200053e4   0x08003bf8   0x00000004   PAD
    0x200053e8        -       0x00000400   Zero   RW         5904    STACK               startup_gd32f450_470.o


==============================================================================

Image component sizes


      Code (inc. data)   RO Data    RW Data    ZI Data      Debug   Object Name

         0          0          0          0          0      13000   event_groups.o
       610         32          0          0          0       7692   gd32f4xx_adc.o
       580          4          0          0          0       3613   gd32f4xx_dma.o
       246          0          0          0          0       3876   gd32f4xx_gpio.o
        24          0          0          0          0      87497   gd32f4xx_it.o
       552         48          0          0          0       5245   gd32f4xx_rcu.o
       872         38          0          0          0       5224   gd32f4xx_timer.o
       620         18          0          0          0       8490   gd32f4xx_usart.o
       964         84          0         28      20480      19383   heap_4.o
       148          0          0          0          0       3710   list.o
       956        180          0         20          0       8171   main.o
         0          0          0          0          0       2292   netconf.o
       894         78          0         12          0      11416   port.o
      1422         16          0          0         64      15007   queue.o
        36          8        428          0       1024        904   startup_gd32f450_470.o
       492         32          0          4          0       3123   system_gd32f4xx.o
       120         14          0          0          0      27596   systick.o
      3668        408          0         64        740      34193   tasks.o
      1018        110          0         20         40      12468   timers.o

    ----------------------------------------------------------------------
     13244       1070        460        148      22352     272900   Object Totals
         0          0         32          0          0          0   (incl. Generated)
        22          0          0          0          4          0   (incl. Padding)

    ----------------------------------------------------------------------

      Code (inc. data)   RO Data    RW Data    ZI Data      Debug   Library Member Name

         0          0          0          0          0          0   entry.o
         0          0          0          0          0          0   entry10a.o
         0          0          0          0          0          0   entry11a.o
         4          0          0          0          0          0   entry12b.o
         8          4          0          0          0          0   entry2.o
         4          0          0          0          0          0   entry5.o
         0          0          0          0          0          0   entry7b.o
         0          0          0          0          0          0   entry8b.o
         8          4          0          0          0          0   entry9a.o
        30          0          0          0          0          0   handlers.o
        36          8          0          0          0         68   init.o
        30          0          0          0          0         68   llshl.o
        32          0          0          0          0         68   llushr.o
        64          0          0          0          0         76   memmovea.o
        36          0          0          0          0        108   memseta.o
      1142         54          0          0          0        352   printf8.o
         0          0          0          4          0          0   stdout.o
        98          0          0          0          0         92   uldiv.o

    ----------------------------------------------------------------------
      1496         70          0          4          0        832   Library Totals
         4          0          0          0          0          0   (incl. Padding)

    ----------------------------------------------------------------------

      Code (inc. data)   RO Data    RW Data    ZI Data      Debug   Library Name

      1492         70          0          4          0        832   mc_w.l

    ----------------------------------------------------------------------
      1496         70          0          4          0        832   Library Totals

    ----------------------------------------------------------------------

==============================================================================


      Code (inc. data)   RO Data    RW Data    ZI Data      Debug   

     14740       1140        460        152      22352     260972   Grand Totals
     14740       1140        460        152      22352     260972   ELF Image Totals
     14740       1140        460        152          0          0   ROM Totals

==============================================================================

    Total RO  Size (Code + RO Data)                15200 (  14.84kB)
    Total RW  Size (RW Data + ZI Data)             22504 (  21.98kB)
    Total ROM Size (Code + RO Data + RW Data)      15352 (  14.99kB)

==============================================================================

