<html>
<body>
<pre>
<h1>礦ision Build Log</h1>
<h2>Tool Versions:</h2>
IDE-Version: μVision V5.38.0.0
Copyright (C) 2022 ARM Ltd and ARM Germany GmbH. All rights reserved.
License Information: shaw C, SSSS, LIC=BUURY-IEB9M-FWC2N-YYQ50-62JW1-7ELPI
 
Tool Versions:
Toolchain:       MDK-ARM Plus  Version: 5.38.0.0
Toolchain Path:  C:\Keil_v5\ARM\ARM_Complier_5.05_uv7\Bin
C Compiler:      Armcc.exe V5.06 update 7 (build 960)
Assembler:       Armasm.exe V5.06 update 7 (build 960)
Linker/Locator:  ArmLink.exe V5.06 update 7 (build 960)
Library Manager: ArmAr.exe V5.06 update 7 (build 960)
Hex Converter:   FromElf.exe V5.06 update 7 (build 960)
CPU DLL:         SARMCM3.DLL V5.38.0.0
Dialog DLL:      DCM.DLL V1.17.5.0
Target DLL:      CMSIS_AGDI.dll V1.33.15.0
Dialog DLL:      TCM.DLL V1.56.4.0
 
<h2>Project:</h2>
D:\分布式采集存储系统\采集板软件\casic\GD32F4xx_Demo\Project\GD32F470_Freertos.uvprojx
Project File Date:  09/22/2024

<h2>Output:</h2>
*** Using Compiler 'V5.06 update 7 (build 960)', folder: 'C:\Keil_v5\ARM\ARM_Complier_5.05_uv7\Bin'
Rebuild target 'Target 1'
compiling gd32f4xx_crc.c...
compiling gd32f4xx_dac.c...
compiling gd32f4xx_can.c...
compiling gd32f4xx_adc.c...
compiling gd32f4xx_enet.c...
compiling gd32f4xx_dci.c...
compiling systick.c...
compiling gd32f4xx_ctc.c...
compiling gd32f4xx_dbg.c...
compiling gd32f4xx_dma.c...
compiling gd32f4xx_exmc.c...
compiling gd32f4xx_it.c...
compiling main.c...
compiling gd32f4xx_exti.c...
compiling gd32f4xx_fmc.c...
compiling gd32f4xx_fwdgt.c...
compiling gd32f4xx_gpio.c...
compiling gd32f4xx_i2c.c...
compiling gd32f4xx_iref.c...
compiling gd32f4xx_ipa.c...
compiling gd32f4xx_misc.c...
compiling gd32f4xx_pmu.c...
compiling gd32f4xx_sdio.c...
compiling gd32f4xx_spi.c...
compiling gd32f4xx_rcu.c...
compiling gd32f4xx_rtc.c...
assembling startup_gd32f450_470.s...
compiling gd32f4xx_syscfg.c...
compiling gd32f4xx_timer.c...
compiling gd32f4xx_tli.c...
compiling gd32f4xx_trng.c...
compiling gd32f4xx_usart.c...
compiling lwip.c...
compiling gd32f4xx_wwdgt.c...
compiling heap_4.c...
compiling system_gd32f4xx.c...
compiling croutine.c...
compiling event_groups.c...
compiling netconf.c...
compiling gd32f4xx_enet_eval.c...
compiling list.c...
compiling hello_gigadevice.c...
..\App\hello_gigadevice.c(267): warning:  #870-D: invalid multibyte character sequence
          send(fd, (void *)&HELLO, sizeof(HELLO), 0);
..\App\hello_gigadevice.c(267): warning:  #870-D: invalid multibyte character sequence
          send(fd, (void *)&HELLO, sizeof(HELLO), 0);
..\App\hello_gigadevice.c: 2 warnings, 0 errors
compiling udp_echo.c...
compiling tcp_client.c...
compiling queue.c...
compiling stream_buffer.c...
compiling tasks.c...
compiling port.c...
compiling timers.c...
compiling api_lib.c...
compiling err.c...
compiling if_api.c...
compiling netbuf.c...
compiling api_msg.c...
compiling netdb.c...
compiling netifapi.c...
compiling tcpip.c...
compiling sockets.c...
compiling autoip.c...
compiling epl_1588.c...
..\Hardware\DP83640\src\epl_1588.c(1540): warning:  #111-D: statement is unreachable
      return NULL;
..\Hardware\DP83640\src\epl_1588.c(1615): warning:  #188-D: enumerated type mixed with another type
      *messageType = 0xFF;
..\Hardware\DP83640\src\epl_1588.c: 2 warnings, 0 errors
compiling dhcp.c...
compiling etharp.c...
compiling epl_core.c...
..\Hardware\DP83640\src\epl_core.c(45): warning:  #167-D: argument of type "NS_UINT" is incompatible with parameter of type "uint16_t *"
      enet_phy_write_read(ENET_PHY_WRITE,portHandle->portMdioAddress, registerIndex, value);
..\Hardware\DP83640\src\epl_core.c(80): warning:  #167-D: argument of type "NS_UINT *" is incompatible with parameter of type "uint16_t *"
      enet_phy_write_read(ENET_PHY_READ,portHandle->portMdioAddress, registerIndex,&data );
..\Hardware\DP83640\src\epl_core.c: 2 warnings, 0 errors
compiling icmp.c...
compiling igmp.c...
compiling ip4.c...
compiling epl_oai.c...
compiling ip4_addr.c...
compiling ip4_frag.c...
compiling altcp.c...
compiling altcp_alloc.c...
compiling altcp_tcp.c...
compiling def.c...
compiling dns.c...
compiling inet_chksum.c...
compiling init.c...
compiling ip.c...
compiling mem.c...
compiling memp.c...
compiling netif.c...
compiling pbuf.c...
compiling raw.c...
compiling stats.c...
compiling sys.c...
compiling tcp.c...
compiling tcp_in.c...
compiling timeouts.c...
compiling udp.c...
compiling tcp_out.c...
compiling ethernet.c...
compiling sys_arch.c...
compiling ethernetif.c...
linking...
Program Size: Code=14740 RO-data=460 RW-data=152 ZI-data=22352  
FromELF: creating hex file...
".\Objects\GD32F470_Freertos.axf" - 0 Error(s), 6 Warning(s).

<h2>Software Packages used:</h2>

Package Vendor: GigaDevice
                https://gd32mcu.com/data/documents/pack/GigaDevice.GD32F4xx_DFP.3.2.0.pack
                GigaDevice.GD32F4xx_DFP.3.2.0
                GigaDevice GD32F4xx Series Device Support and Examples

<h2>Collection of Component include folders:</h2>
  C:/Users/shaw/AppData/Local/Arm/Packs/GigaDevice/GD32F4xx_DFP/3.2.0/Device/F4XX/Include

<h2>Collection of Component Files used:</h2>
Build Time Elapsed:  00:00:13
</pre>
</body>
</html>
